Archive member included to satisfy reference by file (symbol)

c:/st/stm32cubeide_1.3.0/stm32cubeide/plugins/com.st.stm32cube.ide.mcu.externaltools.gnu-tools-for-stm32.7-2018-q2-update.win32_1.5.0.202011040924/tools/bin/../lib/gcc/arm-none-eabi/7.3.1/../../../../arm-none-eabi/lib/thumb/v7-m\libc_nano.a(lib_a-atoi.o)
                              Core/Src/main.o (atoi)
c:/st/stm32cubeide_1.3.0/stm32cubeide/plugins/com.st.stm32cube.ide.mcu.externaltools.gnu-tools-for-stm32.7-2018-q2-update.win32_1.5.0.202011040924/tools/bin/../lib/gcc/arm-none-eabi/7.3.1/../../../../arm-none-eabi/lib/thumb/v7-m\libc_nano.a(lib_a-errno.o)
                              Core/Src/syscalls.o (__errno)
c:/st/stm32cubeide_1.3.0/stm32cubeide/plugins/com.st.stm32cube.ide.mcu.externaltools.gnu-tools-for-stm32.7-2018-q2-update.win32_1.5.0.202011040924/tools/bin/../lib/gcc/arm-none-eabi/7.3.1/../../../../arm-none-eabi/lib/thumb/v7-m\libc_nano.a(lib_a-exit.o)
                              c:/st/stm32cubeide_1.3.0/stm32cubeide/plugins/com.st.stm32cube.ide.mcu.externaltools.gnu-tools-for-stm32.7-2018-q2-update.win32_1.5.0.202011040924/tools/bin/../lib/gcc/arm-none-eabi/7.3.1/../../../../arm-none-eabi/lib/thumb/v7-m/crt0.o (exit)
c:/st/stm32cubeide_1.3.0/stm32cubeide/plugins/com.st.stm32cube.ide.mcu.externaltools.gnu-tools-for-stm32.7-2018-q2-update.win32_1.5.0.202011040924/tools/bin/../lib/gcc/arm-none-eabi/7.3.1/../../../../arm-none-eabi/lib/thumb/v7-m\libc_nano.a(lib_a-impure.o)
                              c:/st/stm32cubeide_1.3.0/stm32cubeide/plugins/com.st.stm32cube.ide.mcu.externaltools.gnu-tools-for-stm32.7-2018-q2-update.win32_1.5.0.202011040924/tools/bin/../lib/gcc/arm-none-eabi/7.3.1/../../../../arm-none-eabi/lib/thumb/v7-m\libc_nano.a(lib_a-exit.o) (_global_impure_ptr)
c:/st/stm32cubeide_1.3.0/stm32cubeide/plugins/com.st.stm32cube.ide.mcu.externaltools.gnu-tools-for-stm32.7-2018-q2-update.win32_1.5.0.202011040924/tools/bin/../lib/gcc/arm-none-eabi/7.3.1/../../../../arm-none-eabi/lib/thumb/v7-m\libc_nano.a(lib_a-init.o)
                              c:/st/stm32cubeide_1.3.0/stm32cubeide/plugins/com.st.stm32cube.ide.mcu.externaltools.gnu-tools-for-stm32.7-2018-q2-update.win32_1.5.0.202011040924/tools/bin/../lib/gcc/arm-none-eabi/7.3.1/../../../../arm-none-eabi/lib/thumb/v7-m/crt0.o (__libc_init_array)
c:/st/stm32cubeide_1.3.0/stm32cubeide/plugins/com.st.stm32cube.ide.mcu.externaltools.gnu-tools-for-stm32.7-2018-q2-update.win32_1.5.0.202011040924/tools/bin/../lib/gcc/arm-none-eabi/7.3.1/../../../../arm-none-eabi/lib/thumb/v7-m\libc_nano.a(lib_a-memcpy-stub.o)
                              Core/Src/main.o (memcpy)
c:/st/stm32cubeide_1.3.0/stm32cubeide/plugins/com.st.stm32cube.ide.mcu.externaltools.gnu-tools-for-stm32.7-2018-q2-update.win32_1.5.0.202011040924/tools/bin/../lib/gcc/arm-none-eabi/7.3.1/../../../../arm-none-eabi/lib/thumb/v7-m\libc_nano.a(lib_a-memset.o)
                              c:/st/stm32cubeide_1.3.0/stm32cubeide/plugins/com.st.stm32cube.ide.mcu.externaltools.gnu-tools-for-stm32.7-2018-q2-update.win32_1.5.0.202011040924/tools/bin/../lib/gcc/arm-none-eabi/7.3.1/../../../../arm-none-eabi/lib/thumb/v7-m/crt0.o (memset)
c:/st/stm32cubeide_1.3.0/stm32cubeide/plugins/com.st.stm32cube.ide.mcu.externaltools.gnu-tools-for-stm32.7-2018-q2-update.win32_1.5.0.202011040924/tools/bin/../lib/gcc/arm-none-eabi/7.3.1/../../../../arm-none-eabi/lib/thumb/v7-m\libc_nano.a(lib_a-strtol.o)
                              c:/st/stm32cubeide_1.3.0/stm32cubeide/plugins/com.st.stm32cube.ide.mcu.externaltools.gnu-tools-for-stm32.7-2018-q2-update.win32_1.5.0.202011040924/tools/bin/../lib/gcc/arm-none-eabi/7.3.1/../../../../arm-none-eabi/lib/thumb/v7-m\libc_nano.a(lib_a-atoi.o) (_strtol_r)
c:/st/stm32cubeide_1.3.0/stm32cubeide/plugins/com.st.stm32cube.ide.mcu.externaltools.gnu-tools-for-stm32.7-2018-q2-update.win32_1.5.0.202011040924/tools/bin/../lib/gcc/arm-none-eabi/7.3.1/../../../../arm-none-eabi/lib/thumb/v7-m\libc_nano.a(lib_a-locale.o)
                              c:/st/stm32cubeide_1.3.0/stm32cubeide/plugins/com.st.stm32cube.ide.mcu.externaltools.gnu-tools-for-stm32.7-2018-q2-update.win32_1.5.0.202011040924/tools/bin/../lib/gcc/arm-none-eabi/7.3.1/../../../../arm-none-eabi/lib/thumb/v7-m\libc_nano.a(lib_a-strtol.o) (__locale_ctype_ptr_l)
c:/st/stm32cubeide_1.3.0/stm32cubeide/plugins/com.st.stm32cube.ide.mcu.externaltools.gnu-tools-for-stm32.7-2018-q2-update.win32_1.5.0.202011040924/tools/bin/../lib/gcc/arm-none-eabi/7.3.1/../../../../arm-none-eabi/lib/thumb/v7-m\libc_nano.a(lib_a-mbtowc_r.o)
                              c:/st/stm32cubeide_1.3.0/stm32cubeide/plugins/com.st.stm32cube.ide.mcu.externaltools.gnu-tools-for-stm32.7-2018-q2-update.win32_1.5.0.202011040924/tools/bin/../lib/gcc/arm-none-eabi/7.3.1/../../../../arm-none-eabi/lib/thumb/v7-m\libc_nano.a(lib_a-locale.o) (__ascii_mbtowc)
[...]
Memory Configuration

Name             Origin             Length             Attributes
RAM              0x0000000020000000 0x0000000000005000 xrw
FLASH            0x0000000008000000 0x0000000000010000 xr
*default*        0x0000000000000000 0xffffffffffffffff

Linker script and memory map

LOAD c:/st/stm32cubeide_1.3.0/stm32cubeide/plugins/com.st.stm32cube.ide.mcu.externaltools.gnu-tools-for-stm32.7-2018-q2-update.win32_1.5.0.202011040924/tools/bin/../lib/gcc/arm-none-eabi/7.3.1/thumb/v7-m/crti.o
LOAD c:/st/stm32cubeide_1.3.0/stm32cubeide/plugins/com.st.stm32cube.ide.mcu.externaltools.gnu-tools-for-stm32.7-2018-q2-update.win32_1.5.0.202011040924/tools/bin/../lib/gcc/arm-none-eabi/7.3.1/thumb/v7-m/crtbegin.o
LOAD c:/st/stm32cubeide_1.3.0/stm32cubeide/plugins/com.st.stm32cube.ide.mcu.externaltools.gnu-tools-for-stm32.7-2018-q2-update.win32_1.5.0.202011040924/tools/bin/../lib/gcc/arm-none-eabi/7.3.1/../../../../arm-none-eabi/lib/thumb/v7-m/crt0.o
LOAD Core/Src/adc.o
LOAD Core/Src/dma.o
LOAD Core/Src/gpio.o
LOAD Core/Src/main.o
LOAD Core/Src/spi.o
LOAD Core/Src/stm32f1xx_hal_msp.o
LOAD Core/Src/stm32f1xx_it.o
LOAD Core/Src/syscalls.o
LOAD Core/Src/sysmem.o
LOAD Core/Src/system_stm32f1xx.o
LOAD Core/Startup/startup_stm32f103c8tx.o
LOAD Drivers/STM32F1xx_HAL_Driver/Src/stm32f1xx_hal.o
LOAD Drivers/STM32F1xx_HAL_Driver/Src/stm32f1xx_hal_adc.o
LOAD Drivers/STM32F1xx_HAL_Driver/Src/stm32f1xx_hal_adc_ex.o
LOAD Drivers/STM32F1xx_HAL_Driver/Src/stm32f1xx_hal_cortex.o
LOAD Drivers/STM32F1xx_HAL_Driver/Src/stm32f1xx_hal_dma.o
LOAD Drivers/STM32F1xx_HAL_Driver/Src/stm32f1xx_hal_exti.o
LOAD Drivers/STM32F1xx_HAL_Driver/Src/stm32f1xx_hal_flash.o
LOAD Drivers/STM32F1xx_HAL_Driver/Src/stm32f1xx_hal_flash_ex.o
LOAD Drivers/STM32F1xx_HAL_Driver/Src/stm32f1xx_hal_gpio.o
LOAD Drivers/STM32F1xx_HAL_Driver/Src/stm32f1xx_hal_gpio_ex.o
LOAD Drivers/STM32F1xx_HAL_Driver/Src/stm32f1xx_hal_pcd.o
LOAD Drivers/STM32F1xx_HAL_Driver/Src/stm32f1xx_hal_pcd_ex.o
LOAD Drivers/STM32F1xx_HAL_Driver/Src/stm32f1xx_hal_pwr.o
LOAD Drivers/STM32F1xx_HAL_Driver/Src/stm32f1xx_hal_rcc.o
LOAD Drivers/STM32F1xx_HAL_Driver/Src/stm32f1xx_hal_rcc_ex.o
LOAD Drivers/STM32F1xx_HAL_Driver/Src/stm32f1xx_hal_spi.o
LOAD Drivers/STM32F1xx_HAL_Driver/Src/stm32f1xx_hal_tim.o
LOAD Drivers/STM32F1xx_HAL_Driver/Src/stm32f1xx_hal_tim_ex.o
LOAD Drivers/STM32F1xx_HAL_Driver/Src/stm32f1xx_ll_usb.o
LOAD Middlewares/ST/STM32_USB_Device_Library/Class/CDC/Src/usbd_cdc.o
LOAD Middlewares/ST/STM32_USB_Device_Library/Core/Src/usbd_core.o
LOAD Middlewares/ST/STM32_USB_Device_Library/Core/Src/usbd_ctlreq.o
LOAD Middlewares/ST/STM32_USB_Device_Library/Core/Src/usbd_ioreq.o
LOAD USB_DEVICE/App/usb_device.o
LOAD USB_DEVICE/App/usbd_cdc_if.o
LOAD USB_DEVICE/App/usbd_desc.o
LOAD USB_DEVICE/Target/usbd_conf.o
START GROUP
LOAD c:/st/stm32cubeide_1.3.0/stm32cubeide/plugins/com.st.stm32cube.ide.mcu.externaltools.gnu-tools-for-stm32.7-2018-q2-update.win32_1.5.0.202011040924/tools/bin/../lib/gcc/arm-none-eabi/7.3.1/../../../../arm-none-eabi/lib/thumb/v7-m\libc_nano.a
LOAD c:/st/stm32cubeide_1.3.0/stm32cubeide/plugins/com.st.stm32cube.ide.mcu.externaltools.gnu-tools-for-stm32.7-2018-q2-update.win32_1.5.0.202011040924/tools/bin/../lib/gcc/arm-none-eabi/7.3.1/../../../../arm-none-eabi/lib/thumb/v7-m\libm.a
END GROUP
START GROUP
LOAD c:/st/stm32cubeide_1.3.0/stm32cubeide/plugins/com.st.stm32cube.ide.mcu.externaltools.gnu-tools-for-stm32.7-2018-q2-update.win32_1.5.0.202011040924/tools/bin/../lib/gcc/arm-none-eabi/7.3.1/thumb/v7-m\libgcc.a
LOAD c:/st/stm32cubeide_1.3.0/stm32cubeide/plugins/com.st.stm32cube.ide.mcu.externaltools.gnu-tools-for-stm32.7-2018-q2-update.win32_1.5.0.202011040924/tools/bin/../lib/gcc/arm-none-eabi/7.3.1/../../../../arm-none-eabi/lib/thumb/v7-m\libc_nano.a
END GROUP
START GROUP
LOAD c:/st/stm32cubeide_1.3.0/stm32cubeide/plugins/com.st.stm32cube.ide.mcu.externaltools.gnu-tools-for-stm32.7-2018-q2-update.win32_1.5.0.202011040924/tools/bin/../lib/gcc/arm-none-eabi/7.3.1/thumb/v7-m\libgcc.a
LOAD c:/st/stm32cubeide_1.3.0/stm32cubeide/plugins/com.st.stm32cube.ide.mcu.externaltools.gnu-tools-for-stm32.7-2018-q2-update.win32_1.5.0.202011040924/tools/bin/../lib/gcc/arm-none-eabi/7.3.1/../../../../arm-none-eabi/lib/thumb/v7-m\libc_nano.a
LOAD c:/st/stm32cubeide_1.3.0/stm32cubeide/plugins/com.st.stm32cube.ide.mcu.externaltools.gnu-tools-for-stm32.7-2018-q2-update.win32_1.5.0.202011040924/tools/bin/../lib/gcc/arm-none-eabi/7.3.1/../../../../arm-none-eabi/lib/thumb/v7-m\libnosys.a
END GROUP
START GROUP
LOAD c:/st/stm32cubeide_1.3.0/stm32cubeide/plugins/com.st.stm32cube.ide.mcu.externaltools.gnu-tools-for-stm32.7-2018-q2-update.win32_1.5.0.202011040924/tools/bin/../lib/gcc/arm-none-eabi/7.3.1/thumb/v7-m\libgcc.a
LOAD c:/st/stm32cubeide_1.3.0/stm32cubeide/plugins/com.st.stm32cube.ide.mcu.externaltools.gnu-tools-for-stm32.7-2018-q2-update.win32_1.5.0.202011040924/tools/bin/../lib/gcc/arm-none-eabi/7.3.1/../../../../arm-none-eabi/lib/thumb/v7-m\libc_nano.a
LOAD c:/st/stm32cubeide_1.3.0/stm32cubeide/plugins/com.st.stm32cube.ide.mcu.externaltools.gnu-tools-for-stm32.7-2018-q2-update.win32_1.5.0.202011040924/tools/bin/../lib/gcc/arm-none-eabi/7.3.1/../../../../arm-none-eabi/lib/thumb/v7-m\libnosys.a
END GROUP
LOAD c:/st/stm32cubeide_1.3.0/stm32cubeide/plugins/com.st.stm32cube.ide.mcu.externaltools.gnu-tools-for-stm32.7-2018-q2-update.win32_1.5.0.202011040924/tools/bin/../lib/gcc/arm-none-eabi/7.3.1/thumb/v7-m/crtend.o
LOAD c:/st/stm32cubeide_1.3.0/stm32cubeide/plugins/com.st.stm32cube.ide.mcu.externaltools.gnu-tools-for-stm32.7-2018-q2-update.win32_1.5.0.202011040924/tools/bin/../lib/gcc/arm-none-eabi/7.3.1/thumb/v7-m/crtn.o
                0x0000000020005000                _estack = (ORIGIN (RAM) + LENGTH (RAM))
                0x0000000000000200                _Min_Heap_Size = 0x200
                0x0000000000000400                _Min_Stack_Size = 0x400

.isr_vector     0x0000000008000000      0x10c
                0x0000000008000000                . = ALIGN (0x4)
 *(.isr_vector)
 .isr_vector    0x0000000008000000      0x10c Core/Startup/startup_stm32f103c8tx.o
                0x0000000008000000                g_pfnVectors
                0x000000000800010c                . = ALIGN (0x4)

.text           0x000000000800010c     0x8a3c
                0x000000000800010c                . = ALIGN (0x4)
 *(.text)
 .text          0x000000000800010c       0x40 c:/st/stm32cubeide_1.3.0/stm32cubeide/plugins/com.st.stm32cube.ide.mcu.externaltools.gnu-tools-for-stm32.7-2018-q2-update.win32_1.5.0.202011040924/tools/bin/../lib/gcc/arm-none-eabi/7.3.1/thumb/v7-m/crtbegin.o
 *(.text*)
 .text.MX_ADC1_Init
                0x000000000800014c       0x7c Core/Src/adc.o
                0x000000000800014c                MX_ADC1_Init
 .text.HAL_ADC_MspInit
                0x00000000080001c8       0xd4 Core/Src/adc.o
                0x00000000080001c8                HAL_ADC_MspInit
 .text.MX_DMA_Init
                0x000000000800029c       0x3c Core/Src/dma.o
                0x000000000800029c                MX_DMA_Init
 .text.MX_GPIO_Init
                0x00000000080002d8      0x130 Core/Src/gpio.o
                0x00000000080002d8                MX_GPIO_Init
 .text.Start_Symbol
                0x0000000008000408       0x26 Core/Src/main.o
                0x0000000008000408                Start_Symbol
 .text.Stop_Symbol
                0x000000000800042e       0x26 Core/Src/main.o
                0x000000000800042e                Stop_Symbol
 .text.True_Trigger_Mode
                0x0000000008000454       0x90 Core/Src/main.o
                0x0000000008000454                True_Trigger_Mode
 .text.Auto_Trigger_Mode
                0x00000000080004e4       0xbc Core/Src/main.o
                0x00000000080004e4                Auto_Trigger_Mode
 .text.CDC_Send_Data
                0x00000000080005a0       0x74 Core/Src/main.o
                0x00000000080005a0                CDC_Send_Data
 .text.DAC_Write
                0x0000000008000614       0x54 Core/Src/main.o
                0x0000000008000614                DAC_Write
 .text.While_Parser
                0x0000000008000668       0x64 Core/Src/main.o
                0x0000000008000668                While_Parser
 .text.CDC_Callback_Parser
                0x00000000080006cc       0x88 Core/Src/main.o
                0x00000000080006cc                CDC_Callback_Parser
 .text.Trigger_DMA_Callback
                0x0000000008000754       0xb4 Core/Src/main.o
                0x0000000008000754                Trigger_DMA_Callback
 .text.Trace_DMA_Callback
                0x0000000008000808       0xa4 Core/Src/main.o
                0x0000000008000808                Trace_DMA_Callback
 .text.main     0x00000000080008ac       0x50 Core/Src/main.o
                0x00000000080008ac                main
 .text.SystemClock_Config
                0x00000000080008fc       0xba Core/Src/main.o
                0x00000000080008fc                SystemClock_Config
 *fill*         0x00000000080009b6        0x2 
 .text.HAL_GPIO_EXTI_Callback
                0x00000000080009b8       0x54 Core/Src/main.o
                0x00000000080009b8                HAL_GPIO_EXTI_Callback
 .text.CDC_ReciveCallBack
                0x0000000008000a0c       0x58 Core/Src/main.o
                0x0000000008000a0c                CDC_ReciveCallBack
 .text.HAL_ADC_ConvCpltCallback
                0x0000000008000a64       0x38 Core/Src/main.o
                0x0000000008000a64                HAL_ADC_ConvCpltCallback
 .text.HAL_ADC_ConvHalfCpltCallback
                0x0000000008000a9c       0x38 Core/Src/main.o
                0x0000000008000a9c                HAL_ADC_ConvHalfCpltCallback
 .text.Error_Handler
                0x0000000008000ad4        0x8 Core/Src/main.o
                0x0000000008000ad4                Error_Handler
 .text.MX_SPI1_Init
                0x0000000008000adc       0x70 Core/Src/spi.o
                0x0000000008000adc                MX_SPI1_Init
 .text.HAL_SPI_MspInit
                0x0000000008000b4c       0xb4 Core/Src/spi.o
                0x0000000008000b4c                HAL_SPI_MspInit
 .text.HAL_MspInit
                0x0000000008000c00       0x64 Core/Src/stm32f1xx_hal_msp.o
                0x0000000008000c00                HAL_MspInit
 .text.NMI_Handler
                0x0000000008000c64        0x6 Core/Src/stm32f1xx_it.o
                0x0000000008000c64                NMI_Handler
 .text.HardFault_Handler
                0x0000000008000c6a        0x6 Core/Src/stm32f1xx_it.o
                0x0000000008000c6a                HardFault_Handler
 .text.MemManage_Handler
                0x0000000008000c70        0x6 Core/Src/stm32f1xx_it.o
                0x0000000008000c70                MemManage_Handler
 .text.BusFault_Handler
                0x0000000008000c76        0x6 Core/Src/stm32f1xx_it.o
                0x0000000008000c76                BusFault_Handler
 .text.UsageFault_Handler
                0x0000000008000c7c        0x6 Core/Src/stm32f1xx_it.o
                0x0000000008000c7c                UsageFault_Handler
 .text.SVC_Handler
                0x0000000008000c82        0xc Core/Src/stm32f1xx_it.o
                0x0000000008000c82                SVC_Handler
 .text.DebugMon_Handler
                0x0000000008000c8e        0xc Core/Src/stm32f1xx_it.o
                0x0000000008000c8e                DebugMon_Handler
 .text.PendSV_Handler
                0x0000000008000c9a        0xc Core/Src/stm32f1xx_it.o
                0x0000000008000c9a                PendSV_Handler
 .text.SysTick_Handler
                0x0000000008000ca6        0xc Core/Src/stm32f1xx_it.o
                0x0000000008000ca6                SysTick_Handler
 .text.EXTI3_IRQHandler
                0x0000000008000cb2        0xe Core/Src/stm32f1xx_it.o
                0x0000000008000cb2                EXTI3_IRQHandler
 .text.DMA1_Channel1_IRQHandler
                0x0000000008000cc0       0x14 Core/Src/stm32f1xx_it.o
                0x0000000008000cc0                DMA1_Channel1_IRQHandler
 .text.USB_HP_CAN1_TX_IRQHandler
                0x0000000008000cd4       0x14 Core/Src/stm32f1xx_it.o
                0x0000000008000cd4                USB_HP_CAN1_TX_IRQHandler
 .text.USB_LP_CAN1_RX0_IRQHandler
                0x0000000008000ce8       0x14 Core/Src/stm32f1xx_it.o
                0x0000000008000ce8                USB_LP_CAN1_RX0_IRQHandler
 .text.SystemInit
                0x0000000008000cfc        0xc Core/Src/system_stm32f1xx.o
                0x0000000008000cfc                SystemInit
 .text.Reset_Handler
                0x0000000008000d08       0x48 Core/Startup/startup_stm32f103c8tx.o
                0x0000000008000d08                Reset_Handler
 .text.Default_Handler
                0x0000000008000d50        0x2 Core/Startup/startup_stm32f103c8tx.o
                0x0000000008000d50                RTC_Alarm_IRQHandler
                0x0000000008000d50                EXTI2_IRQHandler
                0x0000000008000d50                TIM1_CC_IRQHandler
                0x0000000008000d50                PVD_IRQHandler
                0x0000000008000d50                EXTI0_IRQHandler
                0x0000000008000d50                I2C2_EV_IRQHandler
                0x0000000008000d50                ADC1_2_IRQHandler
                0x0000000008000d50                SPI1_IRQHandler
                0x0000000008000d50                TAMPER_IRQHandler
                0x0000000008000d50                DMA1_Channel4_IRQHandler
                0x0000000008000d50                USART3_IRQHandler
                0x0000000008000d50                RTC_IRQHandler
                0x0000000008000d50                DMA1_Channel7_IRQHandler
                0x0000000008000d50                CAN1_RX1_IRQHandler
                0x0000000008000d50                TIM4_IRQHandler
                0x0000000008000d50                I2C1_EV_IRQHandler
                0x0000000008000d50                DMA1_Channel6_IRQHandler
                0x0000000008000d50                TIM3_IRQHandler
                0x0000000008000d50                RCC_IRQHandler
                0x0000000008000d50                TIM1_TRG_COM_IRQHandler
                0x0000000008000d50                Default_Handler
                0x0000000008000d50                EXTI15_10_IRQHandler
                0x0000000008000d50                EXTI9_5_IRQHandler
                0x0000000008000d50                SPI2_IRQHandler
                0x0000000008000d50                DMA1_Channel5_IRQHandler
                0x0000000008000d50                EXTI4_IRQHandler
                0x0000000008000d50                DMA1_Channel3_IRQHandler
                0x0000000008000d50                TIM1_UP_IRQHandler
                0x0000000008000d50                WWDG_IRQHandler
                0x0000000008000d50                TIM2_IRQHandler
                0x0000000008000d50                TIM1_BRK_IRQHandler
                0x0000000008000d50                EXTI1_IRQHandler
                0x0000000008000d50                USART2_IRQHandler
                0x0000000008000d50                I2C2_ER_IRQHandler
                0x0000000008000d50                DMA1_Channel2_IRQHandler
                0x0000000008000d50                CAN1_SCE_IRQHandler
                0x0000000008000d50                FLASH_IRQHandler
                0x0000000008000d50                USART1_IRQHandler
                0x0000000008000d50                I2C1_ER_IRQHandler
                0x0000000008000d50                USBWakeUp_IRQHandler
 *fill*         0x0000000008000d52        0x2 
 .text.HAL_Init
                0x0000000008000d54       0x2c Drivers/STM32F1xx_HAL_Driver/Src/stm32f1xx_hal.o
                0x0000000008000d54                HAL_Init
 .text.HAL_InitTick
                0x0000000008000d80       0x60 Drivers/STM32F1xx_HAL_Driver/Src/stm32f1xx_hal.o
                0x0000000008000d80                HAL_InitTick
 .text.HAL_IncTick
                0x0000000008000de0       0x24 Drivers/STM32F1xx_HAL_Driver/Src/stm32f1xx_hal.o
                0x0000000008000de0                HAL_IncTick
 .text.HAL_GetTick
                0x0000000008000e04       0x14 Drivers/STM32F1xx_HAL_Driver/Src/stm32f1xx_hal.o
                0x0000000008000e04                HAL_GetTick
 .text.HAL_Delay
                0x0000000008000e18       0x44 Drivers/STM32F1xx_HAL_Driver/Src/stm32f1xx_hal.o
                0x0000000008000e18                HAL_Delay
 .text.HAL_ADC_Init
                0x0000000008000e5c      0x1b0 Drivers/STM32F1xx_HAL_Driver/Src/stm32f1xx_hal_adc.o
                0x0000000008000e5c                HAL_ADC_Init
 .text.HAL_ADC_Start_DMA
                0x000000000800100c      0x1bc Drivers/STM32F1xx_HAL_Driver/Src/stm32f1xx_hal_adc.o
                0x000000000800100c                HAL_ADC_Start_DMA
 .text.HAL_ADC_Stop_DMA
                0x00000000080011c8       0x96 Drivers/STM32F1xx_HAL_Driver/Src/stm32f1xx_hal_adc.o
                0x00000000080011c8                HAL_ADC_Stop_DMA
 .text.HAL_ADC_GetValue
                0x000000000800125e       0x18 Drivers/STM32F1xx_HAL_Driver/Src/stm32f1xx_hal_adc.o
                0x000000000800125e                HAL_ADC_GetValue
 .text.HAL_ADC_ErrorCallback
                0x0000000008001276       0x12 Drivers/STM32F1xx_HAL_Driver/Src/stm32f1xx_hal_adc.o
                0x0000000008001276                HAL_ADC_ErrorCallback
 .text.HAL_ADC_ConfigChannel
                0x0000000008001288      0x1f0 Drivers/STM32F1xx_HAL_Driver/Src/stm32f1xx_hal_adc.o
                0x0000000008001288                HAL_ADC_ConfigChannel
 .text.ADC_Enable
                0x0000000008001478       0xa4 Drivers/STM32F1xx_HAL_Driver/Src/stm32f1xx_hal_adc.o
                0x0000000008001478                ADC_Enable
 .text.ADC_ConversionStop_Disable
                0x000000000800151c       0x74 Drivers/STM32F1xx_HAL_Driver/Src/stm32f1xx_hal_adc.o
                0x000000000800151c                ADC_ConversionStop_Disable
 .text.ADC_DMAConvCplt
                0x0000000008001590       0x7c Drivers/STM32F1xx_HAL_Driver/Src/stm32f1xx_hal_adc.o
                0x0000000008001590                ADC_DMAConvCplt
 .text.ADC_DMAHalfConvCplt
                0x000000000800160c       0x1c Drivers/STM32F1xx_HAL_Driver/Src/stm32f1xx_hal_adc.o
                0x000000000800160c                ADC_DMAHalfConvCplt
 .text.ADC_DMAError
                0x0000000008001628       0x34 Drivers/STM32F1xx_HAL_Driver/Src/stm32f1xx_hal_adc.o
                0x0000000008001628                ADC_DMAError
 .text.HAL_ADCEx_Calibration_Start
                0x000000000800165c      0x138 Drivers/STM32F1xx_HAL_Driver/Src/stm32f1xx_hal_adc_ex.o
                0x000000000800165c                HAL_ADCEx_Calibration_Start
 .text.__NVIC_SetPriorityGrouping
                0x0000000008001794       0x48 Drivers/STM32F1xx_HAL_Driver/Src/stm32f1xx_hal_cortex.o
 .text.__NVIC_GetPriorityGrouping
                0x00000000080017dc       0x1c Drivers/STM32F1xx_HAL_Driver/Src/stm32f1xx_hal_cortex.o
 .text.__NVIC_EnableIRQ
                0x00000000080017f8       0x38 Drivers/STM32F1xx_HAL_Driver/Src/stm32f1xx_hal_cortex.o
 .text.__NVIC_SetPriority
                0x0000000008001830       0x54 Drivers/STM32F1xx_HAL_Driver/Src/stm32f1xx_hal_cortex.o
 .text.NVIC_EncodePriority
                0x0000000008001884       0x64 Drivers/STM32F1xx_HAL_Driver/Src/stm32f1xx_hal_cortex.o
 .text.SysTick_Config
                0x00000000080018e8       0x44 Drivers/STM32F1xx_HAL_Driver/Src/stm32f1xx_hal_cortex.o
 .text.HAL_NVIC_SetPriorityGrouping
                0x000000000800192c       0x16 Drivers/STM32F1xx_HAL_Driver/Src/stm32f1xx_hal_cortex.o
                0x000000000800192c                HAL_NVIC_SetPriorityGrouping
 .text.HAL_NVIC_SetPriority
                0x0000000008001942       0x38 Drivers/STM32F1xx_HAL_Driver/Src/stm32f1xx_hal_cortex.o
                0x0000000008001942                HAL_NVIC_SetPriority
 .text.HAL_NVIC_EnableIRQ
                0x000000000800197a       0x1c Drivers/STM32F1xx_HAL_Driver/Src/stm32f1xx_hal_cortex.o
                0x000000000800197a                HAL_NVIC_EnableIRQ
 .text.HAL_SYSTICK_Config
                0x0000000008001996       0x18 Drivers/STM32F1xx_HAL_Driver/Src/stm32f1xx_hal_cortex.o
                0x0000000008001996                HAL_SYSTICK_Config
 *fill*         0x00000000080019ae        0x2 
 .text.HAL_DMA_Init
                0x00000000080019b0       0xb4 Drivers/STM32F1xx_HAL_Driver/Src/stm32f1xx_hal_dma.o
                0x00000000080019b0                HAL_DMA_Init
 .text.HAL_DMA_Start_IT
                0x0000000008001a64       0xbe Drivers/STM32F1xx_HAL_Driver/Src/stm32f1xx_hal_dma.o
                0x0000000008001a64                HAL_DMA_Start_IT
 .text.HAL_DMA_Abort
                0x0000000008001b22       0x74 Drivers/STM32F1xx_HAL_Driver/Src/stm32f1xx_hal_dma.o
                0x0000000008001b22                HAL_DMA_Abort
 *fill*         0x0000000008001b96        0x2 
 .text.HAL_DMA_IRQHandler
                0x0000000008001b98      0x20c Drivers/STM32F1xx_HAL_Driver/Src/stm32f1xx_hal_dma.o
                0x0000000008001b98                HAL_DMA_IRQHandler
 .text.DMA_SetConfig
                0x0000000008001da4       0x5a Drivers/STM32F1xx_HAL_Driver/Src/stm32f1xx_hal_dma.o
 *fill*         0x0000000008001dfe        0x2 
 .text.HAL_GPIO_Init
                0x0000000008001e00      0x2b4 Drivers/STM32F1xx_HAL_Driver/Src/stm32f1xx_hal_gpio.o
                0x0000000008001e00                HAL_GPIO_Init
 .text.HAL_GPIO_WritePin
                0x00000000080020b4       0x30 Drivers/STM32F1xx_HAL_Driver/Src/stm32f1xx_hal_gpio.o
                0x00000000080020b4                HAL_GPIO_WritePin
 .text.HAL_GPIO_EXTI_IRQHandler
                0x00000000080020e4       0x30 Drivers/STM32F1xx_HAL_Driver/Src/stm32f1xx_hal_gpio.o
                0x00000000080020e4                HAL_GPIO_EXTI_IRQHandler
 .text.HAL_PCD_Init
                0x0000000008002114      0x216 Drivers/STM32F1xx_HAL_Driver/Src/stm32f1xx_hal_pcd.o
                0x0000000008002114                HAL_PCD_Init
 .text.HAL_PCD_Start
                0x000000000800232a       0x4c Drivers/STM32F1xx_HAL_Driver/Src/stm32f1xx_hal_pcd.o
                0x000000000800232a                HAL_PCD_Start
 .text.HAL_PCD_IRQHandler
                0x0000000008002376      0x2aa Drivers/STM32F1xx_HAL_Driver/Src/stm32f1xx_hal_pcd.o
                0x0000000008002376                HAL_PCD_IRQHandler
 .text.HAL_PCD_SetAddress
                0x0000000008002620       0x4a Drivers/STM32F1xx_HAL_Driver/Src/stm32f1xx_hal_pcd.o
                0x0000000008002620                HAL_PCD_SetAddress
 .text.HAL_PCD_EP_Open
                0x000000000800266a       0xcc Drivers/STM32F1xx_HAL_Driver/Src/stm32f1xx_hal_pcd.o
                0x000000000800266a                HAL_PCD_EP_Open
 .text.HAL_PCD_EP_Close
                0x0000000008002736       0x90 Drivers/STM32F1xx_HAL_Driver/Src/stm32f1xx_hal_pcd.o
                0x0000000008002736                HAL_PCD_EP_Close
 .text.HAL_PCD_EP_Receive
                0x00000000080027c6       0x7a Drivers/STM32F1xx_HAL_Driver/Src/stm32f1xx_hal_pcd.o
                0x00000000080027c6                HAL_PCD_EP_Receive
 .text.HAL_PCD_EP_GetRxCount
                0x0000000008002840       0x2e Drivers/STM32F1xx_HAL_Driver/Src/stm32f1xx_hal_pcd.o
                0x0000000008002840                HAL_PCD_EP_GetRxCount
 .text.HAL_PCD_EP_Transmit
                0x000000000800286e       0x86 Drivers/STM32F1xx_HAL_Driver/Src/stm32f1xx_hal_pcd.o
                0x000000000800286e                HAL_PCD_EP_Transmit
 .text.HAL_PCD_EP_SetStall
                0x00000000080028f4       0xc0 Drivers/STM32F1xx_HAL_Driver/Src/stm32f1xx_hal_pcd.o
                0x00000000080028f4                HAL_PCD_EP_SetStall
 .text.HAL_PCD_EP_ClrStall
                0x00000000080029b4       0xa8 Drivers/STM32F1xx_HAL_Driver/Src/stm32f1xx_hal_pcd.o
                0x00000000080029b4                HAL_PCD_EP_ClrStall
 .text.PCD_EP_ISR_Handler
                0x0000000008002a5c      0x5e6 Drivers/STM32F1xx_HAL_Driver/Src/stm32f1xx_hal_pcd.o
 .text.HAL_PCD_EP_DB_Receive
                0x0000000008003042      0x21a Drivers/STM32F1xx_HAL_Driver/Src/stm32f1xx_hal_pcd.o
 .text.HAL_PCD_EP_DB_Transmit
                0x000000000800325c      0x53a Drivers/STM32F1xx_HAL_Driver/Src/stm32f1xx_hal_pcd.o
 .text.HAL_PCDEx_PMAConfig
                0x0000000008003796       0x84 Drivers/STM32F1xx_HAL_Driver/Src/stm32f1xx_hal_pcd_ex.o
                0x0000000008003796                HAL_PCDEx_PMAConfig
 *fill*         0x000000000800381a        0x2 
 .text.HAL_RCC_OscConfig
                0x000000000800381c      0x500 Drivers/STM32F1xx_HAL_Driver/Src/stm32f1xx_hal_rcc.o
                0x000000000800381c                HAL_RCC_OscConfig
 .text.HAL_RCC_ClockConfig
                0x0000000008003d1c      0x1d4 Drivers/STM32F1xx_HAL_Driver/Src/stm32f1xx_hal_rcc.o
                0x0000000008003d1c                HAL_RCC_ClockConfig
 .text.HAL_RCC_GetSysClockFreq
                0x0000000008003ef0       0xc4 Drivers/STM32F1xx_HAL_Driver/Src/stm32f1xx_hal_rcc.o
                0x0000000008003ef0                HAL_RCC_GetSysClockFreq
 .text.HAL_RCC_GetHCLKFreq
                0x0000000008003fb4       0x14 Drivers/STM32F1xx_HAL_Driver/Src/stm32f1xx_hal_rcc.o
                0x0000000008003fb4                HAL_RCC_GetHCLKFreq
 .text.HAL_RCC_GetPCLK2Freq
                0x0000000008003fc8       0x28 Drivers/STM32F1xx_HAL_Driver/Src/stm32f1xx_hal_rcc.o
                0x0000000008003fc8                HAL_RCC_GetPCLK2Freq
 .text.RCC_Delay
                0x0000000008003ff0       0x3c Drivers/STM32F1xx_HAL_Driver/Src/stm32f1xx_hal_rcc.o
 .text.HAL_RCCEx_PeriphCLKConfig
                0x000000000800402c      0x16c Drivers/STM32F1xx_HAL_Driver/Src/stm32f1xx_hal_rcc_ex.o
                0x000000000800402c                HAL_RCCEx_PeriphCLKConfig
 .text.HAL_RCCEx_GetPeriphCLKFreq
                0x0000000008004198      0x178 Drivers/STM32F1xx_HAL_Driver/Src/stm32f1xx_hal_rcc_ex.o
                0x0000000008004198                HAL_RCCEx_GetPeriphCLKFreq
 .text.HAL_SPI_Init
                0x0000000008004310      0x108 Drivers/STM32F1xx_HAL_Driver/Src/stm32f1xx_hal_spi.o
                0x0000000008004310                HAL_SPI_Init
 .text.HAL_SPI_Transmit
                0x0000000008004418      0x278 Drivers/STM32F1xx_HAL_Driver/Src/stm32f1xx_hal_spi.o
                0x0000000008004418                HAL_SPI_Transmit
 .text.SPI_WaitFlagStateUntilTimeout
                0x0000000008004690      0x110 Drivers/STM32F1xx_HAL_Driver/Src/stm32f1xx_hal_spi.o
 .text.SPI_EndRxTxTransaction
                0x00000000080047a0       0x3c Drivers/STM32F1xx_HAL_Driver/Src/stm32f1xx_hal_spi.o
 .text.USB_CoreInit
                0x00000000080047dc       0x20 Drivers/STM32F1xx_HAL_Driver/Src/stm32f1xx_ll_usb.o
                0x00000000080047dc                USB_CoreInit
 .text.USB_EnableGlobalInt
                0x00000000080047fc       0x2c Drivers/STM32F1xx_HAL_Driver/Src/stm32f1xx_ll_usb.o
                0x00000000080047fc                USB_EnableGlobalInt
 .text.USB_DisableGlobalInt
                0x0000000008004828       0x34 Drivers/STM32F1xx_HAL_Driver/Src/stm32f1xx_ll_usb.o
                0x0000000008004828                USB_DisableGlobalInt
 .text.USB_SetCurrentMode
                0x000000000800485c       0x18 Drivers/STM32F1xx_HAL_Driver/Src/stm32f1xx_ll_usb.o
                0x000000000800485c                USB_SetCurrentMode
 .text.USB_DevInit
                0x0000000008004874       0x40 Drivers/STM32F1xx_HAL_Driver/Src/stm32f1xx_ll_usb.o
                0x0000000008004874                USB_DevInit
 .text.USB_ActivateEndpoint
                0x00000000080048b4      0x6d4 Drivers/STM32F1xx_HAL_Driver/Src/stm32f1xx_ll_usb.o
                0x00000000080048b4                USB_ActivateEndpoint
 .text.USB_DeactivateEndpoint
                0x0000000008004f88      0x3d8 Drivers/STM32F1xx_HAL_Driver/Src/stm32f1xx_ll_usb.o
                0x0000000008004f88                USB_DeactivateEndpoint
 .text.USB_EPStartXfer
                0x0000000008005360     0x1240 Drivers/STM32F1xx_HAL_Driver/Src/stm32f1xx_ll_usb.o
                0x0000000008005360                USB_EPStartXfer
 .text.USB_EPSetStall
                0x00000000080065a0       0xa0 Drivers/STM32F1xx_HAL_Driver/Src/stm32f1xx_ll_usb.o
                0x00000000080065a0                USB_EPSetStall
 .text.USB_EPClearStall
                0x0000000008006640      0x15a Drivers/STM32F1xx_HAL_Driver/Src/stm32f1xx_ll_usb.o
                0x0000000008006640                USB_EPClearStall
 .text.USB_SetDevAddress
                0x000000000800679a       0x26 Drivers/STM32F1xx_HAL_Driver/Src/stm32f1xx_ll_usb.o
                0x000000000800679a                USB_SetDevAddress
 .text.USB_DevConnect
                0x00000000080067c0       0x14 Drivers/STM32F1xx_HAL_Driver/Src/stm32f1xx_ll_usb.o
                0x00000000080067c0                USB_DevConnect
 .text.USB_DevDisconnect
                0x00000000080067d4       0x14 Drivers/STM32F1xx_HAL_Driver/Src/stm32f1xx_ll_usb.o
                0x00000000080067d4                USB_DevDisconnect
 .text.USB_ReadInterrupts
                0x00000000080067e8       0x1e Drivers/STM32F1xx_HAL_Driver/Src/stm32f1xx_ll_usb.o
                0x00000000080067e8                USB_ReadInterrupts
 .text.USB_EP0_OutStart
                0x0000000008006806       0x16 Drivers/STM32F1xx_HAL_Driver/Src/stm32f1xx_ll_usb.o
                0x0000000008006806                USB_EP0_OutStart
 .text.USB_WritePMA
                0x000000000800681c       0x88 Drivers/STM32F1xx_HAL_Driver/Src/stm32f1xx_ll_usb.o
                0x000000000800681c                USB_WritePMA
 .text.USB_ReadPMA
                0x00000000080068a4       0x9e Drivers/STM32F1xx_HAL_Driver/Src/stm32f1xx_ll_usb.o
                0x00000000080068a4                USB_ReadPMA
 .text.USBD_CDC_Init
                0x0000000008006942       0xf4 Middlewares/ST/STM32_USB_Device_Library/Class/CDC/Src/usbd_cdc.o
 .text.USBD_CDC_DeInit
                0x0000000008006a36       0x6e Middlewares/ST/STM32_USB_Device_Library/Class/CDC/Src/usbd_cdc.o
 .text.USBD_CDC_Setup
                0x0000000008006aa4      0x140 Middlewares/ST/STM32_USB_Device_Library/Class/CDC/Src/usbd_cdc.o
 .text.USBD_CDC_DataIn
                0x0000000008006be4       0xa6 Middlewares/ST/STM32_USB_Device_Library/Class/CDC/Src/usbd_cdc.o
 .text.USBD_CDC_DataOut
                0x0000000008006c8a       0x56 Middlewares/ST/STM32_USB_Device_Library/Class/CDC/Src/usbd_cdc.o
 .text.USBD_CDC_EP0_RxReady
                0x0000000008006ce0       0x50 Middlewares/ST/STM32_USB_Device_Library/Class/CDC/Src/usbd_cdc.o
 .text.USBD_CDC_GetFSCfgDesc
                0x0000000008006d30       0x20 Middlewares/ST/STM32_USB_Device_Library/Class/CDC/Src/usbd_cdc.o
 .text.USBD_CDC_GetHSCfgDesc
                0x0000000008006d50       0x20 Middlewares/ST/STM32_USB_Device_Library/Class/CDC/Src/usbd_cdc.o
 .text.USBD_CDC_GetOtherSpeedCfgDesc
                0x0000000008006d70       0x20 Middlewares/ST/STM32_USB_Device_Library/Class/CDC/Src/usbd_cdc.o
 .text.USBD_CDC_GetDeviceQualifierDescriptor
                0x0000000008006d90       0x20 Middlewares/ST/STM32_USB_Device_Library/Class/CDC/Src/usbd_cdc.o
                0x0000000008006d90                USBD_CDC_GetDeviceQualifierDescriptor
 .text.USBD_CDC_RegisterInterface
                0x0000000008006db0       0x2c Middlewares/ST/STM32_USB_Device_Library/Class/CDC/Src/usbd_cdc.o
                0x0000000008006db0                USBD_CDC_RegisterInterface
 .text.USBD_CDC_SetTxBuffer
                0x0000000008006ddc       0x32 Middlewares/ST/STM32_USB_Device_Library/Class/CDC/Src/usbd_cdc.o
                0x0000000008006ddc                USBD_CDC_SetTxBuffer
 .text.USBD_CDC_SetRxBuffer
                0x0000000008006e0e       0x26 Middlewares/ST/STM32_USB_Device_Library/Class/CDC/Src/usbd_cdc.o
                0x0000000008006e0e                USBD_CDC_SetRxBuffer
 .text.USBD_CDC_TransmitPacket
                0x0000000008006e34       0x5e Middlewares/ST/STM32_USB_Device_Library/Class/CDC/Src/usbd_cdc.o
                0x0000000008006e34                USBD_CDC_TransmitPacket
 .text.USBD_CDC_ReceivePacket
                0x0000000008006e92       0x54 Middlewares/ST/STM32_USB_Device_Library/Class/CDC/Src/usbd_cdc.o
                0x0000000008006e92                USBD_CDC_ReceivePacket
 .text.USBD_Init
                0x0000000008006ee6       0x56 Middlewares/ST/STM32_USB_Device_Library/Core/Src/usbd_core.o
                0x0000000008006ee6                USBD_Init
 .text.USBD_RegisterClass
                0x0000000008006f3c       0x32 Middlewares/ST/STM32_USB_Device_Library/Core/Src/usbd_core.o
                0x0000000008006f3c                USBD_RegisterClass
 .text.USBD_Start
                0x0000000008006f6e       0x18 Middlewares/ST/STM32_USB_Device_Library/Core/Src/usbd_core.o
                0x0000000008006f6e                USBD_Start
 .text.USBD_RunTestMode
                0x0000000008006f86       0x14 Middlewares/ST/STM32_USB_Device_Library/Core/Src/usbd_core.o
                0x0000000008006f86                USBD_RunTestMode
 .text.USBD_SetClassConfig
                0x0000000008006f9a       0x3e Middlewares/ST/STM32_USB_Device_Library/Core/Src/usbd_core.o
                0x0000000008006f9a                USBD_SetClassConfig
 .text.USBD_ClrClassConfig
                0x0000000008006fd8       0x26 Middlewares/ST/STM32_USB_Device_Library/Core/Src/usbd_core.o
                0x0000000008006fd8                USBD_ClrClassConfig
 .text.USBD_LL_SetupStage
                0x0000000008006ffe       0x96 Middlewares/ST/STM32_USB_Device_Library/Core/Src/usbd_core.o
                0x0000000008006ffe                USBD_LL_SetupStage
 .text.USBD_LL_DataOutStage
                0x0000000008007094       0xe2 Middlewares/ST/STM32_USB_Device_Library/Core/Src/usbd_core.o
                0x0000000008007094                USBD_LL_DataOutStage
 .text.USBD_LL_DataInStage
                0x0000000008007176      0x14a Middlewares/ST/STM32_USB_Device_Library/Core/Src/usbd_core.o
                0x0000000008007176                USBD_LL_DataInStage
 .text.USBD_LL_Reset
                0x00000000080072c0       0x82 Middlewares/ST/STM32_USB_Device_Library/Core/Src/usbd_core.o
                0x00000000080072c0                USBD_LL_Reset
 .text.USBD_LL_SetSpeed
                0x0000000008007342       0x1e Middlewares/ST/STM32_USB_Device_Library/Core/Src/usbd_core.o
                0x0000000008007342                USBD_LL_SetSpeed
 .text.USBD_LL_Suspend
                0x0000000008007360       0x28 Middlewares/ST/STM32_USB_Device_Library/Core/Src/usbd_core.o
                0x0000000008007360                USBD_LL_Suspend
 .text.USBD_LL_Resume
                0x0000000008007388       0x2a Middlewares/ST/STM32_USB_Device_Library/Core/Src/usbd_core.o
                0x0000000008007388                USBD_LL_Resume
 .text.USBD_LL_SOF
                0x00000000080073b2       0x34 Middlewares/ST/STM32_USB_Device_Library/Core/Src/usbd_core.o
                0x00000000080073b2                USBD_LL_SOF
 *fill*         0x00000000080073e6        0x2 
 .text.USBD_StdDevReq
                0x00000000080073e8       0xd4 Middlewares/ST/STM32_USB_Device_Library/Core/Src/usbd_ctlreq.o
                0x00000000080073e8                USBD_StdDevReq
 .text.USBD_StdItfReq
                0x00000000080074bc       0x8c Middlewares/ST/STM32_USB_Device_Library/Core/Src/usbd_ctlreq.o
                0x00000000080074bc                USBD_StdItfReq
 .text.USBD_StdEPReq
                0x0000000008007548      0x2ba Middlewares/ST/STM32_USB_Device_Library/Core/Src/usbd_ctlreq.o
                0x0000000008007548                USBD_StdEPReq
 *fill*         0x0000000008007802        0x2 
 .text.USBD_GetDescriptor
                0x0000000008007804      0x2d0 Middlewares/ST/STM32_USB_Device_Library/Core/Src/usbd_ctlreq.o
 .text.USBD_SetAddress
                0x0000000008007ad4       0x84 Middlewares/ST/STM32_USB_Device_Library/Core/Src/usbd_ctlreq.o
 .text.USBD_SetConfig
                0x0000000008007b58      0x11c Middlewares/ST/STM32_USB_Device_Library/Core/Src/usbd_ctlreq.o
 .text.USBD_GetConfig
                0x0000000008007c74       0x68 Middlewares/ST/STM32_USB_Device_Library/Core/Src/usbd_ctlreq.o
 .text.USBD_GetStatus
                0x0000000008007cdc       0x66 Middlewares/ST/STM32_USB_Device_Library/Core/Src/usbd_ctlreq.o
 .text.USBD_SetFeature
                0x0000000008007d42       0x28 Middlewares/ST/STM32_USB_Device_Library/Core/Src/usbd_ctlreq.o
 .text.USBD_ClrFeature
                0x0000000008007d6a       0x42 Middlewares/ST/STM32_USB_Device_Library/Core/Src/usbd_ctlreq.o
 .text.USBD_ParseSetupRequest
                0x0000000008007dac       0x78 Middlewares/ST/STM32_USB_Device_Library/Core/Src/usbd_ctlreq.o
                0x0000000008007dac                USBD_ParseSetupRequest
 .text.USBD_CtlError
                0x0000000008007e24       0x22 Middlewares/ST/STM32_USB_Device_Library/Core/Src/usbd_ctlreq.o
                0x0000000008007e24                USBD_CtlError
 .text.USBD_GetString
                0x0000000008007e46       0x84 Middlewares/ST/STM32_USB_Device_Library/Core/Src/usbd_ctlreq.o
                0x0000000008007e46                USBD_GetString
 .text.USBD_GetLen
                0x0000000008007eca       0x2e Middlewares/ST/STM32_USB_Device_Library/Core/Src/usbd_ctlreq.o
 .text.USBD_CtlSendData
                0x0000000008007ef8       0x38 Middlewares/ST/STM32_USB_Device_Library/Core/Src/usbd_ioreq.o
                0x0000000008007ef8                USBD_CtlSendData
 .text.USBD_CtlContinueSendData
                0x0000000008007f30       0x24 Middlewares/ST/STM32_USB_Device_Library/Core/Src/usbd_ioreq.o
                0x0000000008007f30                USBD_CtlContinueSendData
 .text.USBD_CtlPrepareRx
                0x0000000008007f54       0x3c Middlewares/ST/STM32_USB_Device_Library/Core/Src/usbd_ioreq.o
                0x0000000008007f54                USBD_CtlPrepareRx
 .text.USBD_CtlContinueRx
                0x0000000008007f90       0x24 Middlewares/ST/STM32_USB_Device_Library/Core/Src/usbd_ioreq.o
                0x0000000008007f90                USBD_CtlContinueRx
 .text.USBD_CtlSendStatus
                0x0000000008007fb4       0x26 Middlewares/ST/STM32_USB_Device_Library/Core/Src/usbd_ioreq.o
                0x0000000008007fb4                USBD_CtlSendStatus
 .text.USBD_CtlReceiveStatus
                0x0000000008007fda       0x26 Middlewares/ST/STM32_USB_Device_Library/Core/Src/usbd_ioreq.o
                0x0000000008007fda                USBD_CtlReceiveStatus
 .text.MX_USB_DEVICE_Init
                0x0000000008008000       0x60 USB_DEVICE/App/usb_device.o
                0x0000000008008000                MX_USB_DEVICE_Init
 .text.CDC_Init_FS
                0x0000000008008060       0x28 USB_DEVICE/App/usbd_cdc_if.o
 .text.CDC_DeInit_FS
                0x0000000008008088        0xe USB_DEVICE/App/usbd_cdc_if.o
 *fill*         0x0000000008008096        0x2 
 .text.CDC_Control_FS
                0x0000000008008098       0xbc USB_DEVICE/App/usbd_cdc_if.o
 .text.CDC_Receive_FS
                0x0000000008008154       0x34 USB_DEVICE/App/usbd_cdc_if.o
 .text.CDC_Transmit_FS
                0x0000000008008188       0x4c USB_DEVICE/App/usbd_cdc_if.o
                0x0000000008008188                CDC_Transmit_FS
 .text.USBD_FS_DeviceDescriptor
                0x00000000080081d4       0x24 USB_DEVICE/App/usbd_desc.o
                0x00000000080081d4                USBD_FS_DeviceDescriptor
 .text.USBD_FS_LangIDStrDescriptor
                0x00000000080081f8       0x24 USB_DEVICE/App/usbd_desc.o
                0x00000000080081f8                USBD_FS_LangIDStrDescriptor
 .text.USBD_FS_ProductStrDescriptor
                0x000000000800821c       0x3c USB_DEVICE/App/usbd_desc.o
                0x000000000800821c                USBD_FS_ProductStrDescriptor
 .text.USBD_FS_ManufacturerStrDescriptor
                0x0000000008008258       0x28 USB_DEVICE/App/usbd_desc.o
                0x0000000008008258                USBD_FS_ManufacturerStrDescriptor
 .text.USBD_FS_SerialStrDescriptor
                0x0000000008008280       0x24 USB_DEVICE/App/usbd_desc.o
                0x0000000008008280                USBD_FS_SerialStrDescriptor
 .text.USBD_FS_ConfigStrDescriptor
                0x00000000080082a4       0x3c USB_DEVICE/App/usbd_desc.o
                0x00000000080082a4                USBD_FS_ConfigStrDescriptor
 .text.USBD_FS_InterfaceStrDescriptor
                0x00000000080082e0       0x3c USB_DEVICE/App/usbd_desc.o
                0x00000000080082e0                USBD_FS_InterfaceStrDescriptor
 .text.Get_SerialNum
                0x000000000800831c       0x58 USB_DEVICE/App/usbd_desc.o
 .text.IntToUnicode
                0x0000000008008374       0x7a USB_DEVICE/App/usbd_desc.o
 *fill*         0x00000000080083ee        0x2 
 .text.HAL_PCD_MspInit
                0x00000000080083f0       0x5c USB_DEVICE/Target/usbd_conf.o
                0x00000000080083f0                HAL_PCD_MspInit
 .text.HAL_PCD_SetupStageCallback
                0x000000000800844c       0x24 USB_DEVICE/Target/usbd_conf.o
                0x000000000800844c                HAL_PCD_SetupStageCallback
 .text.HAL_PCD_DataOutStageCallback
                0x0000000008008470       0x36 USB_DEVICE/Target/usbd_conf.o
                0x0000000008008470                HAL_PCD_DataOutStageCallback
 .text.HAL_PCD_DataInStageCallback
                0x00000000080084a6       0x34 USB_DEVICE/Target/usbd_conf.o
                0x00000000080084a6                HAL_PCD_DataInStageCallback
 .text.HAL_PCD_SOFCallback
                0x00000000080084da       0x1c USB_DEVICE/Target/usbd_conf.o
                0x00000000080084da                HAL_PCD_SOFCallback
 .text.HAL_PCD_ResetCallback
                0x00000000080084f6       0x3c USB_DEVICE/Target/usbd_conf.o
                0x00000000080084f6                HAL_PCD_ResetCallback
 *fill*         0x0000000008008532        0x2 
 .text.HAL_PCD_SuspendCallback
                0x0000000008008534       0x34 USB_DEVICE/Target/usbd_conf.o
                0x0000000008008534                HAL_PCD_SuspendCallback
 .text.HAL_PCD_ResumeCallback
                0x0000000008008568       0x1c USB_DEVICE/Target/usbd_conf.o
                0x0000000008008568                HAL_PCD_ResumeCallback
 .text.USBD_LL_Init
                0x0000000008008584       0xb4 USB_DEVICE/Target/usbd_conf.o
                0x0000000008008584                USBD_LL_Init
 .text.USBD_LL_Start
                0x0000000008008638       0x36 USB_DEVICE/Target/usbd_conf.o
                0x0000000008008638                USBD_LL_Start
 .text.USBD_LL_OpenEP
                0x000000000800866e       0x4c USB_DEVICE/Target/usbd_conf.o
                0x000000000800866e                USBD_LL_OpenEP
 .text.USBD_LL_CloseEP
                0x00000000080086ba       0x3e USB_DEVICE/Target/usbd_conf.o
                0x00000000080086ba                USBD_LL_CloseEP
 .text.USBD_LL_StallEP
                0x00000000080086f8       0x3e USB_DEVICE/Target/usbd_conf.o
                0x00000000080086f8                USBD_LL_StallEP
 .text.USBD_LL_ClearStallEP
                0x0000000008008736       0x3e USB_DEVICE/Target/usbd_conf.o
                0x0000000008008736                USBD_LL_ClearStallEP
 .text.USBD_LL_IsStallEP
                0x0000000008008774       0x58 USB_DEVICE/Target/usbd_conf.o
                0x0000000008008774                USBD_LL_IsStallEP
 .text.USBD_LL_SetUSBAddress
                0x00000000080087cc       0x3e USB_DEVICE/Target/usbd_conf.o
                0x00000000080087cc                USBD_LL_SetUSBAddress
 .text.USBD_LL_Transmit
                0x000000000800880a       0x46 USB_DEVICE/Target/usbd_conf.o
                0x000000000800880a                USBD_LL_Transmit
 .text.USBD_LL_PrepareReceive
                0x0000000008008850       0x46 USB_DEVICE/Target/usbd_conf.o
                0x0000000008008850                USBD_LL_PrepareReceive
 .text.USBD_LL_GetRxDataSize
                0x0000000008008896       0x26 USB_DEVICE/Target/usbd_conf.o
                0x0000000008008896                USBD_LL_GetRxDataSize
 .text.USBD_static_malloc
                0x00000000080088bc       0x18 USB_DEVICE/Target/usbd_conf.o
                0x00000000080088bc                USBD_static_malloc
 .text.USBD_static_free
                0x00000000080088d4       0x12 USB_DEVICE/Target/usbd_conf.o
                0x00000000080088d4                USBD_static_free
 .text.HAL_PCDEx_SetConnectionState
                0x00000000080088e6       0x16 USB_DEVICE/Target/usbd_conf.o
                0x00000000080088e6                HAL_PCDEx_SetConnectionState
 .text.USBD_Get_USB_Status
                0x00000000080088fc       0x58 USB_DEVICE/Target/usbd_conf.o
 .text.atoi     0x0000000008008954        0x8 c:/st/stm32cubeide_1.3.0/stm32cubeide/plugins/com.st.stm32cube.ide.mcu.externaltools.gnu-tools-for-stm32.7-2018-q2-update.win32_1.5.0.202011040924/tools/bin/../lib/gcc/arm-none-eabi/7.3.1/../../../../arm-none-eabi/lib/thumb/v7-m\libc_nano.a(lib_a-atoi.o)
                0x0000000008008954                atoi
 .text.__libc_init_array
                0x000000000800895c       0x48 c:/st/stm32cubeide_1.3.0/stm32cubeide/plugins/com.st.stm32cube.ide.mcu.externaltools.gnu-tools-for-stm32.7-2018-q2-update.win32_1.5.0.202011040924/tools/bin/../lib/gcc/arm-none-eabi/7.3.1/../../../../arm-none-eabi/lib/thumb/v7-m\libc_nano.a(lib_a-init.o)
                0x000000000800895c                __libc_init_array
 .text.memcpy   0x00000000080089a4       0x16 c:/st/stm32cubeide_1.3.0/stm32cubeide/plugins/com.st.stm32cube.ide.mcu.externaltools.gnu-tools-for-stm32.7-2018-q2-update.win32_1.5.0.202011040924/tools/bin/../lib/gcc/arm-none-eabi/7.3.1/../../../../arm-none-eabi/lib/thumb/v7-m\libc_nano.a(lib_a-memcpy-stub.o)
                0x00000000080089a4                memcpy
 .text.memset   0x00000000080089ba       0x10 c:/st/stm32cubeide_1.3.0/stm32cubeide/plugins/com.st.stm32cube.ide.mcu.externaltools.gnu-tools-for-stm32.7-2018-q2-update.win32_1.5.0.202011040924/tools/bin/../lib/gcc/arm-none-eabi/7.3.1/../../../../arm-none-eabi/lib/thumb/v7-m\libc_nano.a(lib_a-memset.o)
                0x00000000080089ba                memset
 .text._strtol_l.isra.0
                0x00000000080089ca       0xf6 c:/st/stm32cubeide_1.3.0/stm32cubeide/plugins/com.st.stm32cube.ide.mcu.externaltools.gnu-tools-for-stm32.7-2018-q2-update.win32_1.5.0.202011040924/tools/bin/../lib/gcc/arm-none-eabi/7.3.1/../../../../arm-none-eabi/lib/thumb/v7-m\libc_nano.a(lib_a-strtol.o)
 .text.strtol   0x0000000008008ac0       0x2c c:/st/stm32cubeide_1.3.0/stm32cubeide/plugins/com.st.stm32cube.ide.mcu.externaltools.gnu-tools-for-stm32.7-2018-q2-update.win32_1.5.0.202011040924/tools/bin/../lib/gcc/arm-none-eabi/7.3.1/../../../../arm-none-eabi/lib/thumb/v7-m\libc_nano.a(lib_a-strtol.o)
                0x0000000008008ac0                strtol
 .text.__locale_ctype_ptr_l
                0x0000000008008aec        0x6 c:/st/stm32cubeide_1.3.0/stm32cubeide/plugins/com.st.stm32cube.ide.mcu.externaltools.gnu-tools-for-stm32.7-2018-q2-update.win32_1.5.0.202011040924/tools/bin/../lib/gcc/arm-none-eabi/7.3.1/../../../../arm-none-eabi/lib/thumb/v7-m\libc_nano.a(lib_a-locale.o)
                0x0000000008008aec                __locale_ctype_ptr_l
 .text.__ascii_mbtowc
                0x0000000008008af2       0x24 c:/st/stm32cubeide_1.3.0/stm32cubeide/plugins/com.st.stm32cube.ide.mcu.externaltools.gnu-tools-for-stm32.7-2018-q2-update.win32_1.5.0.202011040924/tools/bin/../lib/gcc/arm-none-eabi/7.3.1/../../../../arm-none-eabi/lib/thumb/v7-m\libc_nano.a(lib_a-mbtowc_r.o)
                0x0000000008008af2                __ascii_mbtowc
 .text.__ascii_wctomb
                0x0000000008008b16       0x1a c:/st/stm32cubeide_1.3.0/stm32cubeide/plugins/com.st.stm32cube.ide.mcu.externaltools.gnu-tools-for-stm32.7-2018-q2-update.win32_1.5.0.202011040924/tools/bin/../lib/gcc/arm-none-eabi/7.3.1/../../../../arm-none-eabi/lib/thumb/v7-m\libc_nano.a(lib_a-wctomb_r.o)
                0x0000000008008b16                __ascii_wctomb
 *(.glue_7)
 .glue_7        0x0000000008008b30        0x0 linker stubs
 *(.glue_7t)
 .glue_7t       0x0000000008008b30        0x0 linker stubs
 *(.eh_frame)
 .eh_frame      0x0000000008008b30        0x0 c:/st/stm32cubeide_1.3.0/stm32cubeide/plugins/com.st.stm32cube.ide.mcu.externaltools.gnu-tools-for-stm32.7-2018-q2-update.win32_1.5.0.202011040924/tools/bin/../lib/gcc/arm-none-eabi/7.3.1/thumb/v7-m/crtbegin.o
 *(.init)
 .init          0x0000000008008b30        0x4 c:/st/stm32cubeide_1.3.0/stm32cubeide/plugins/com.st.stm32cube.ide.mcu.externaltools.gnu-tools-for-stm32.7-2018-q2-update.win32_1.5.0.202011040924/tools/bin/../lib/gcc/arm-none-eabi/7.3.1/thumb/v7-m/crti.o
                0x0000000008008b30                _init
 .init          0x0000000008008b34        0x8 c:/st/stm32cubeide_1.3.0/stm32cubeide/plugins/com.st.stm32cube.ide.mcu.externaltools.gnu-tools-for-stm32.7-2018-q2-update.win32_1.5.0.202011040924/tools/bin/../lib/gcc/arm-none-eabi/7.3.1/thumb/v7-m/crtn.o
 *(.fini)
 .fini          0x0000000008008b3c        0x4 c:/st/stm32cubeide_1.3.0/stm32cubeide/plugins/com.st.stm32cube.ide.mcu.externaltools.gnu-tools-for-stm32.7-2018-q2-update.win32_1.5.0.202011040924/tools/bin/../lib/gcc/arm-none-eabi/7.3.1/thumb/v7-m/crti.o
                0x0000000008008b3c                _fini
 .fini          0x0000000008008b40        0x8 c:/st/stm32cubeide_1.3.0/stm32cubeide/plugins/com.st.stm32cube.ide.mcu.externaltools.gnu-tools-for-stm32.7-2018-q2-update.win32_1.5.0.202011040924/tools/bin/../lib/gcc/arm-none-eabi/7.3.1/thumb/v7-m/crtn.o
                0x0000000008008b48                . = ALIGN (0x4)
                0x0000000008008b48                _etext = .

.vfp11_veneer   0x0000000008008b48        0x0
 .vfp11_veneer  0x0000000008008b48        0x0 linker stubs

.v4_bx          0x0000000008008b48        0x0
 .v4_bx         0x0000000008008b48        0x0 linker stubs

.iplt           0x0000000008008b48        0x0
 .iplt          0x0000000008008b48        0x0 c:/st/stm32cubeide_1.3.0/stm32cubeide/plugins/com.st.stm32cube.ide.mcu.externaltools.gnu-tools-for-stm32.7-2018-q2-update.win32_1.5.0.202011040924/tools/bin/../lib/gcc/arm-none-eabi/7.3.1/thumb/v7-m/crtbegin.o

.rodata         0x0000000008008b48      0x194
                0x0000000008008b48                . = ALIGN (0x4)
 *(.rodata)
 .rodata        0x0000000008008b48       0x12 Drivers/STM32F1xx_HAL_Driver/Src/stm32f1xx_hal_rcc.o
 *fill*         0x0000000008008b5a        0x2 
 .rodata        0x0000000008008b5c       0x12 Drivers/STM32F1xx_HAL_Driver/Src/stm32f1xx_hal_rcc_ex.o
 *fill*         0x0000000008008b6e        0x2 
 .rodata        0x0000000008008b70       0x46 USB_DEVICE/App/usbd_desc.o
 *(.rodata*)
 *fill*         0x0000000008008bb6        0x2 
 .rodata.AHBPrescTable
                0x0000000008008bb8       0x10 Core/Src/system_stm32f1xx.o
                0x0000000008008bb8                AHBPrescTable
 .rodata.APBPrescTable
                0x0000000008008bc8        0x8 Core/Src/system_stm32f1xx.o
                0x0000000008008bc8                APBPrescTable
 .rodata._setlocale_r.str1.1
                0x0000000008008bd0        0x8 c:/st/stm32cubeide_1.3.0/stm32cubeide/plugins/com.st.stm32cube.ide.mcu.externaltools.gnu-tools-for-stm32.7-2018-q2-update.win32_1.5.0.202011040924/tools/bin/../lib/gcc/arm-none-eabi/7.3.1/../../../../arm-none-eabi/lib/thumb/v7-m\libc_nano.a(lib_a-locale.o)
                                          0x9 (size before relaxing)
 .rodata.str1.1
                0x0000000008008bd8        0x2 c:/st/stm32cubeide_1.3.0/stm32cubeide/plugins/com.st.stm32cube.ide.mcu.externaltools.gnu-tools-for-stm32.7-2018-q2-update.win32_1.5.0.202011040924/tools/bin/../lib/gcc/arm-none-eabi/7.3.1/../../../../arm-none-eabi/lib/thumb/v7-m\libc_nano.a(lib_a-locale.o)
 .rodata._ctype_
                0x0000000008008bda      0x101 c:/st/stm32cubeide_1.3.0/stm32cubeide/plugins/com.st.stm32cube.ide.mcu.externaltools.gnu-tools-for-stm32.7-2018-q2-update.win32_1.5.0.202011040924/tools/bin/../lib/gcc/arm-none-eabi/7.3.1/../../../../arm-none-eabi/lib/thumb/v7-m\libc_nano.a(lib_a-ctype_.o)
                0x0000000008008bda                _ctype_
                0x0000000008008cdc                . = ALIGN (0x4)
 *fill*         0x0000000008008cdb        0x1 

.rel.dyn        0x0000000008008cdc        0x0
 .rel.iplt      0x0000000008008cdc        0x0 c:/st/stm32cubeide_1.3.0/stm32cubeide/plugins/com.st.stm32cube.ide.mcu.externaltools.gnu-tools-for-stm32.7-2018-q2-update.win32_1.5.0.202011040924/tools/bin/../lib/gcc/arm-none-eabi/7.3.1/thumb/v7-m/crtbegin.o

.ARM.extab      0x0000000008008cdc        0x0
                0x0000000008008cdc                . = ALIGN (0x4)
 *(.ARM.extab* .gnu.linkonce.armextab.*)
                0x0000000008008cdc                . = ALIGN (0x4)

.ARM            0x0000000008008cdc        0x0
                0x0000000008008cdc                . = ALIGN (0x4)
                0x0000000008008cdc                __exidx_start = .
 *(.ARM.exidx*)
                0x0000000008008cdc                __exidx_end = .
                0x0000000008008cdc                . = ALIGN (0x4)

.preinit_array  0x0000000008008cdc        0x0
                0x0000000008008cdc                . = ALIGN (0x4)
                0x0000000008008cdc                PROVIDE (__preinit_array_start = .)
 *(.preinit_array*)
                0x0000000008008cdc                PROVIDE (__preinit_array_end = .)
                0x0000000008008cdc                . = ALIGN (0x4)

.init_array     0x0000000008008cdc        0x4
                0x0000000008008cdc                . = ALIGN (0x4)
                0x0000000008008cdc                PROVIDE (__init_array_start = .)
 *(SORT_BY_NAME(.init_array.*))
 *(.init_array*)
 .init_array    0x0000000008008cdc        0x4 c:/st/stm32cubeide_1.3.0/stm32cubeide/plugins/com.st.stm32cube.ide.mcu.externaltools.gnu-tools-for-stm32.7-2018-q2-update.win32_1.5.0.202011040924/tools/bin/../lib/gcc/arm-none-eabi/7.3.1/thumb/v7-m/crtbegin.o
                0x0000000008008ce0                PROVIDE (__init_array_end = .)
                0x0000000008008ce0                . = ALIGN (0x4)

.fini_array     0x0000000008008ce0        0x4
                0x0000000008008ce0                . = ALIGN (0x4)
                [!provide]                        PROVIDE (__fini_array_start = .)
 *(SORT_BY_NAME(.fini_array.*))
 *(.fini_array*)
 .fini_array    0x0000000008008ce0        0x4 c:/st/stm32cubeide_1.3.0/stm32cubeide/plugins/com.st.stm32cube.ide.mcu.externaltools.gnu-tools-for-stm32.7-2018-q2-update.win32_1.5.0.202011040924/tools/bin/../lib/gcc/arm-none-eabi/7.3.1/thumb/v7-m/crtbegin.o
                [!provide]                        PROVIDE (__fini_array_end = .)
                0x0000000008008ce4                . = ALIGN (0x4)
                0x0000000008008ce4                _sidata = LOADADDR (.data)

.data           0x0000000020000000      0x350 load address 0x0000000008008ce4
                0x0000000020000000                . = ALIGN (0x4)
                0x0000000020000000                _sdata = .
 *(.data)
 *(.data*)
 .data.Trig_level
                0x0000000020000000        0x2 Core/Src/main.o
                0x0000000020000000                Trig_level
 *fill*         0x0000000020000002        0x2 
 .data.SystemCoreClock
                0x0000000020000004        0x4 Core/Src/system_stm32f1xx.o
                0x0000000020000004                SystemCoreClock
 .data.uwTickPrio
                0x0000000020000008        0x4 Drivers/STM32F1xx_HAL_Driver/Src/stm32f1xx_hal.o
                0x0000000020000008                uwTickPrio
 .data.uwTickFreq
                0x000000002000000c        0x1 Drivers/STM32F1xx_HAL_Driver/Src/stm32f1xx_hal.o
                0x000000002000000c                uwTickFreq
 *fill*         0x000000002000000d        0x3 
 .data.USBD_CDC_DeviceQualifierDesc
                0x0000000020000010        0xa Middlewares/ST/STM32_USB_Device_Library/Class/CDC/Src/usbd_cdc.o
 *fill*         0x000000002000001a        0x2 
 .data.USBD_CDC
                0x000000002000001c       0x38 Middlewares/ST/STM32_USB_Device_Library/Class/CDC/Src/usbd_cdc.o
                0x000000002000001c                USBD_CDC
 .data.USBD_CDC_CfgHSDesc
                0x0000000020000054       0x43 Middlewares/ST/STM32_USB_Device_Library/Class/CDC/Src/usbd_cdc.o
                0x0000000020000054                USBD_CDC_CfgHSDesc
 *fill*         0x0000000020000097        0x1 
 .data.USBD_CDC_CfgFSDesc
                0x0000000020000098       0x43 Middlewares/ST/STM32_USB_Device_Library/Class/CDC/Src/usbd_cdc.o
                0x0000000020000098                USBD_CDC_CfgFSDesc
 *fill*         0x00000000200000db        0x1 
 .data.USBD_CDC_OtherSpeedCfgDesc
                0x00000000200000dc       0x43 Middlewares/ST/STM32_USB_Device_Library/Class/CDC/Src/usbd_cdc.o
                0x00000000200000dc                USBD_CDC_OtherSpeedCfgDesc
 *fill*         0x000000002000011f        0x1 
 .data.USBD_Interface_fops_FS
                0x0000000020000120       0x10 USB_DEVICE/App/usbd_cdc_if.o
                0x0000000020000120                USBD_Interface_fops_FS
 .data.FS_Desc  0x0000000020000130       0x1c USB_DEVICE/App/usbd_desc.o
                0x0000000020000130                FS_Desc
 .data.USBD_FS_DeviceDesc
                0x000000002000014c       0x12 USB_DEVICE/App/usbd_desc.o
                0x000000002000014c                USBD_FS_DeviceDesc
 *fill*         0x000000002000015e        0x2 
 .data.USBD_LangIDDesc
                0x0000000020000160        0x4 USB_DEVICE/App/usbd_desc.o
                0x0000000020000160                USBD_LangIDDesc
 .data.USBD_StringSerial
                0x0000000020000164       0x1a USB_DEVICE/App/usbd_desc.o
                0x0000000020000164                USBD_StringSerial
 *fill*         0x000000002000017e        0x2 
 .data._impure_ptr
                0x0000000020000180        0x4 c:/st/stm32cubeide_1.3.0/stm32cubeide/plugins/com.st.stm32cube.ide.mcu.externaltools.gnu-tools-for-stm32.7-2018-q2-update.win32_1.5.0.202011040924/tools/bin/../lib/gcc/arm-none-eabi/7.3.1/../../../../arm-none-eabi/lib/thumb/v7-m\libc_nano.a(lib_a-impure.o)
                0x0000000020000180                _impure_ptr
 .data.impure_data
                0x0000000020000184       0x60 c:/st/stm32cubeide_1.3.0/stm32cubeide/plugins/com.st.stm32cube.ide.mcu.externaltools.gnu-tools-for-stm32.7-2018-q2-update.win32_1.5.0.202011040924/tools/bin/../lib/gcc/arm-none-eabi/7.3.1/../../../../arm-none-eabi/lib/thumb/v7-m\libc_nano.a(lib_a-impure.o)
 .data.__global_locale
                0x00000000200001e4      0x16c c:/st/stm32cubeide_1.3.0/stm32cubeide/plugins/com.st.stm32cube.ide.mcu.externaltools.gnu-tools-for-stm32.7-2018-q2-update.win32_1.5.0.202011040924/tools/bin/../lib/gcc/arm-none-eabi/7.3.1/../../../../arm-none-eabi/lib/thumb/v7-m\libc_nano.a(lib_a-locale.o)
                0x00000000200001e4                __global_locale
                0x0000000020000350                . = ALIGN (0x4)
                0x0000000020000350                _edata = .

.igot.plt       0x0000000020000350        0x0 load address 0x0000000008009034
 .igot.plt      0x0000000020000350        0x0 c:/st/stm32cubeide_1.3.0/stm32cubeide/plugins/com.st.stm32cube.ide.mcu.externaltools.gnu-tools-for-stm32.7-2018-q2-update.win32_1.5.0.202011040924/tools/bin/../lib/gcc/arm-none-eabi/7.3.1/thumb/v7-m/crtbegin.o
                0x0000000020000350                . = ALIGN (0x4)

.bss            0x0000000020000350     0x35a8 load address 0x0000000008009034
                0x0000000020000350                _sbss = .
                0x0000000020000350                __bss_start__ = _sbss
 *(.bss)
 .bss           0x0000000020000350       0x1c c:/st/stm32cubeide_1.3.0/stm32cubeide/plugins/com.st.stm32cube.ide.mcu.externaltools.gnu-tools-for-stm32.7-2018-q2-update.win32_1.5.0.202011040924/tools/bin/../lib/gcc/arm-none-eabi/7.3.1/thumb/v7-m/crtbegin.o
 *(.bss*)
 .bss.CDC_part  0x000000002000036c        0x2 Core/Src/main.o
                0x000000002000036c                CDC_part
 .bss.ADC_Status
                0x000000002000036e        0x1 Core/Src/main.o
                0x000000002000036e                ADC_Status
 .bss.CDC_Status
                0x000000002000036f        0x1 Core/Src/main.o
                0x000000002000036f                CDC_Status
 .bss.CDC_Request
                0x0000000020000370        0x1 Core/Src/main.o
                0x0000000020000370                CDC_Request
 *fill*         0x0000000020000371        0x1 
 .bss.Trig_status
                0x0000000020000372        0x2 Core/Src/main.o
                0x0000000020000372                Trig_status
 .bss.Mode      0x0000000020000374        0x1 Core/Src/main.o
                0x0000000020000374                Mode
 .bss.cfgidx.7893
                0x0000000020000375        0x1 Middlewares/ST/STM32_USB_Device_Library/Core/Src/usbd_ctlreq.o
 *fill*         0x0000000020000376        0x2 
 .bss.mem.7961  0x0000000020000378      0x220 USB_DEVICE/Target/usbd_conf.o
 *(COMMON)
 COMMON         0x0000000020000598       0x74 Core/Src/adc.o
                0x0000000020000598                hadc1
                0x00000000200005c8                hdma_adc1
 COMMON         0x000000002000060c     0x28e0 Core/Src/main.o
                0x000000002000060c                CDC_Buf
                0x0000000020002d1c                RX_Buf
                0x0000000020002d5c                DMA_Buf
 COMMON         0x0000000020002eec       0x58 Core/Src/spi.o
                0x0000000020002eec                hspi1
 COMMON         0x0000000020002f44        0x4 Drivers/STM32F1xx_HAL_Driver/Src/stm32f1xx_hal.o
                0x0000000020002f44                uwTick
 COMMON         0x0000000020002f48      0x2c4 USB_DEVICE/App/usb_device.o
                0x0000000020002f48                hUsbDeviceFS
 COMMON         0x000000002000320c      0x200 USB_DEVICE/App/usbd_cdc_if.o
                0x000000002000320c                UserRxBufferFS
                0x000000002000330c                UserTxBufferFS
 COMMON         0x000000002000340c      0x200 USB_DEVICE/App/usbd_desc.o
                0x000000002000340c                USBD_StrDesc
 COMMON         0x000000002000360c      0x2ec USB_DEVICE/Target/usbd_conf.o
                0x000000002000360c                hpcd_USB_FS
                0x00000000200038f8                . = ALIGN (0x4)
                0x00000000200038f8                _ebss = .
                0x00000000200038f8                __bss_end__ = _ebss

._user_heap_stack
                0x00000000200038f8      0x600 load address 0x0000000008009034
                0x00000000200038f8                . = ALIGN (0x8)
                [!provide]                        PROVIDE (end = .)
                0x00000000200038f8                PROVIDE (_end = .)
                0x0000000020003af8                . = (. + _Min_Heap_Size)
 *fill*         0x00000000200038f8      0x200 
                0x0000000020003ef8                . = (. + _Min_Stack_Size)
 *fill*         0x0000000020003af8      0x400 
                0x0000000020003ef8                . = ALIGN (0x8)

/DISCARD/
 libc.a(*)
 libm.a(*)
 libgcc.a(*)

.ARM.attributes
                0x0000000000000000       0x29
 *(.ARM.attributes)
 .ARM.attributes
                0x0000000000000000       0x1d c:/st/stm32cubeide_1.3.0/stm32cubeide/plugins/com.st.stm32cube.ide.mcu.externaltools.gnu-tools-for-stm32.7-2018-q2-update.win32_1.5.0.202011040924/tools/bin/../lib/gcc/arm-none-eabi/7.3.1/thumb/v7-m/crti.o
 .ARM.attributes
                0x000000000000001d       0x2d c:/st/stm32cubeide_1.3.0/stm32cubeide/plugins/com.st.stm32cube.ide.mcu.externaltools.gnu-tools-for-stm32.7-2018-q2-update.win32_1.5.0.202011040924/tools/bin/../lib/gcc/arm-none-eabi/7.3.1/thumb/v7-m/crtbegin.o
 .ARM.attributes
                0x000000000000004a       0x33 Core/Src/adc.o
 .ARM.attributes
                0x000000000000007d       0x33 Core/Src/dma.o
 .ARM.attributes
                0x00000000000000b0       0x33 Core/Src/gpio.o
 .ARM.attributes
                0x00000000000000e3       0x33 Core/Src/main.o
 .ARM.attributes
                0x0000000000000116       0x33 Core/Src/spi.o
 .ARM.attributes
                0x0000000000000149       0x33 Core/Src/stm32f1xx_hal_msp.o
 .ARM.attributes
                0x000000000000017c       0x33 Core/Src/stm32f1xx_it.o
 .ARM.attributes
                0x00000000000001af       0x33 Core/Src/system_stm32f1xx.o
 .ARM.attributes
                0x00000000000001e2       0x21 Core/Startup/startup_stm32f103c8tx.o
 .ARM.attributes
                0x0000000000000203       0x33 Drivers/STM32F1xx_HAL_Driver/Src/stm32f1xx_hal.o
 .ARM.attributes
                0x0000000000000236       0x33 Drivers/STM32F1xx_HAL_Driver/Src/stm32f1xx_hal_adc.o
 .ARM.attributes
                0x0000000000000269       0x33 Drivers/STM32F1xx_HAL_Driver/Src/stm32f1xx_hal_adc_ex.o
 .ARM.attributes
                0x000000000000029c       0x33 Drivers/STM32F1xx_HAL_Driver/Src/stm32f1xx_hal_cortex.o
 .ARM.attributes
                0x00000000000002cf       0x33 Drivers/STM32F1xx_HAL_Driver/Src/stm32f1xx_hal_dma.o
 .ARM.attributes
                0x0000000000000302       0x33 Drivers/STM32F1xx_HAL_Driver/Src/stm32f1xx_hal_gpio.o
 .ARM.attributes
                0x0000000000000335       0x33 Drivers/STM32F1xx_HAL_Driver/Src/stm32f1xx_hal_pcd.o
 .ARM.attributes
                0x0000000000000368       0x33 Drivers/STM32F1xx_HAL_Driver/Src/stm32f1xx_hal_pcd_ex.o
 .ARM.attributes
                0x000000000000039b       0x33 Drivers/STM32F1xx_HAL_Driver/Src/stm32f1xx_hal_rcc.o
 .ARM.attributes
                0x00000000000003ce       0x33 Drivers/STM32F1xx_HAL_Driver/Src/stm32f1xx_hal_rcc_ex.o
 .ARM.attributes
                0x0000000000000401       0x33 Drivers/STM32F1xx_HAL_Driver/Src/stm32f1xx_hal_spi.o
 .ARM.attributes
                0x0000000000000434       0x33 Drivers/STM32F1xx_HAL_Driver/Src/stm32f1xx_ll_usb.o
 .ARM.attributes
                0x0000000000000467       0x33 Middlewares/ST/STM32_USB_Device_Library/Class/CDC/Src/usbd_cdc.o
 .ARM.attributes
                0x000000000000049a       0x33 Middlewares/ST/STM32_USB_Device_Library/Core/Src/usbd_core.o
 .ARM.attributes
                0x00000000000004cd       0x33 Middlewares/ST/STM32_USB_Device_Library/Core/Src/usbd_ctlreq.o
 .ARM.attributes
                0x0000000000000500       0x33 Middlewares/ST/STM32_USB_Device_Library/Core/Src/usbd_ioreq.o
 .ARM.attributes
                0x0000000000000533       0x33 USB_DEVICE/App/usb_device.o
 .ARM.attributes
                0x0000000000000566       0x33 USB_DEVICE/App/usbd_cdc_if.o
 .ARM.attributes
                0x0000000000000599       0x33 USB_DEVICE/App/usbd_desc.o
 .ARM.attributes
                0x00000000000005cc       0x33 USB_DEVICE/Target/usbd_conf.o
 .ARM.attributes
                0x00000000000005ff       0x2d c:/st/stm32cubeide_1.3.0/stm32cubeide/plugins/com.st.stm32cube.ide.mcu.externaltools.gnu-tools-for-stm32.7-2018-q2-update.win32_1.5.0.202011040924/tools/bin/../lib/gcc/arm-none-eabi/7.3.1/../../../../arm-none-eabi/lib/thumb/v7-m\libc_nano.a(lib_a-atoi.o)
 .ARM.attributes
                0x000000000000062c       0x2d c:/st/stm32cubeide_1.3.0/stm32cubeide/plugins/com.st.stm32cube.ide.mcu.externaltools.gnu-tools-for-stm32.7-2018-q2-update.win32_1.5.0.202011040924/tools/bin/../lib/gcc/arm-none-eabi/7.3.1/../../../../arm-none-eabi/lib/thumb/v7-m\libc_nano.a(lib_a-impure.o)
 .ARM.attributes
                0x0000000000000659       0x2d c:/st/stm32cubeide_1.3.0/stm32cubeide/plugins/com.st.stm32cube.ide.mcu.externaltools.gnu-tools-for-stm32.7-2018-q2-update.win32_1.5.0.202011040924/tools/bin/../lib/gcc/arm-none-eabi/7.3.1/../../../../arm-none-eabi/lib/thumb/v7-m\libc_nano.a(lib_a-init.o)
 .ARM.attributes
                0x0000000000000686       0x2d c:/st/stm32cubeide_1.3.0/stm32cubeide/plugins/com.st.stm32cube.ide.mcu.externaltools.gnu-tools-for-stm32.7-2018-q2-update.win32_1.5.0.202011040924/tools/bin/../lib/gcc/arm-none-eabi/7.3.1/../../../../arm-none-eabi/lib/thumb/v7-m\libc_nano.a(lib_a-memcpy-stub.o)
 .ARM.attributes
                0x00000000000006b3       0x2d c:/st/stm32cubeide_1.3.0/stm32cubeide/plugins/com.st.stm32cube.ide.mcu.externaltools.gnu-tools-for-stm32.7-2018-q2-update.win32_1.5.0.202011040924/tools/bin/../lib/gcc/arm-none-eabi/7.3.1/../../../../arm-none-eabi/lib/thumb/v7-m\libc_nano.a(lib_a-memset.o)
 .ARM.attributes
                0x00000000000006e0       0x2d c:/st/stm32cubeide_1.3.0/stm32cubeide/plugins/com.st.stm32cube.ide.mcu.externaltools.gnu-tools-for-stm32.7-2018-q2-update.win32_1.5.0.202011040924/tools/bin/../lib/gcc/arm-none-eabi/7.3.1/../../../../arm-none-eabi/lib/thumb/v7-m\libc_nano.a(lib_a-strtol.o)
 .ARM.attributes
                0x000000000000070d       0x2d c:/st/stm32cubeide_1.3.0/stm32cubeide/plugins/com.st.stm32cube.ide.mcu.externaltools.gnu-tools-for-stm32.7-2018-q2-update.win32_1.5.0.202011040924/tools/bin/../lib/gcc/arm-none-eabi/7.3.1/../../../../arm-none-eabi/lib/thumb/v7-m\libc_nano.a(lib_a-locale.o)
 .ARM.attributes
                0x000000000000073a       0x2d c:/st/stm32cubeide_1.3.0/stm32cubeide/plugins/com.st.stm32cube.ide.mcu.externaltools.gnu-tools-for-stm32.7-2018-q2-update.win32_1.5.0.202011040924/tools/bin/../lib/gcc/arm-none-eabi/7.3.1/../../../../arm-none-eabi/lib/thumb/v7-m\libc_nano.a(lib_a-mbtowc_r.o)
 .ARM.attributes
                0x0000000000000767       0x2d c:/st/stm32cubeide_1.3.0/stm32cubeide/plugins/com.st.stm32cube.ide.mcu.externaltools.gnu-tools-for-stm32.7-2018-q2-update.win32_1.5.0.202011040924/tools/bin/../lib/gcc/arm-none-eabi/7.3.1/../../../../arm-none-eabi/lib/thumb/v7-m\libc_nano.a(lib_a-wctomb_r.o)
 .ARM.attributes
                0x0000000000000794       0x2d c:/st/stm32cubeide_1.3.0/stm32cubeide/plugins/com.st.stm32cube.ide.mcu.externaltools.gnu-tools-for-stm32.7-2018-q2-update.win32_1.5.0.202011040924/tools/bin/../lib/gcc/arm-none-eabi/7.3.1/../../../../arm-none-eabi/lib/thumb/v7-m\libc_nano.a(lib_a-ctype_.o)
 .ARM.attributes
                0x00000000000007c1       0x1d c:/st/stm32cubeide_1.3.0/stm32cubeide/plugins/com.st.stm32cube.ide.mcu.externaltools.gnu-tools-for-stm32.7-2018-q2-update.win32_1.5.0.202011040924/tools/bin/../lib/gcc/arm-none-eabi/7.3.1/thumb/v7-m/crtn.o
OUTPUT(Universal_Firmware_26_01_21.elf elf32-littlearm)

.debug_info     0x0000000000000000    0x15c00
 .debug_info    0x0000000000000000      0x80a Core/Src/adc.o
 .debug_info    0x000000000000080a      0x378 Core/Src/dma.o
 .debug_info    0x0000000000000b82      0x4bf Core/Src/gpio.o
 .debug_info    0x0000000000001041     0x168c Core/Src/main.o
 .debug_info    0x00000000000026cd      0x89b Core/Src/spi.o
 .debug_info    0x0000000000002f68      0x2d6 Core/Src/stm32f1xx_hal_msp.o
 .debug_info    0x000000000000323e      0x8c2 Core/Src/stm32f1xx_it.o
 .debug_info    0x0000000000003b00      0x29a Core/Src/system_stm32f1xx.o
 .debug_info    0x0000000000003d9a       0x22 Core/Startup/startup_stm32f103c8tx.o
 .debug_info    0x0000000000003dbc      0x714 Drivers/STM32F1xx_HAL_Driver/Src/stm32f1xx_hal.o
 .debug_info    0x00000000000044d0      0xc6c Drivers/STM32F1xx_HAL_Driver/Src/stm32f1xx_hal_adc.o
 .debug_info    0x000000000000513c      0xa06 Drivers/STM32F1xx_HAL_Driver/Src/stm32f1xx_hal_adc_ex.o
 .debug_info    0x0000000000005b42      0xb51 Drivers/STM32F1xx_HAL_Driver/Src/stm32f1xx_hal_cortex.o
 .debug_info    0x0000000000006693      0x7b1 Drivers/STM32F1xx_HAL_Driver/Src/stm32f1xx_hal_dma.o
 .debug_info    0x0000000000006e44      0x69b Drivers/STM32F1xx_HAL_Driver/Src/stm32f1xx_hal_gpio.o
 .debug_info    0x00000000000074df     0x122f Drivers/STM32F1xx_HAL_Driver/Src/stm32f1xx_hal_pcd.o
 .debug_info    0x000000000000870e      0x785 Drivers/STM32F1xx_HAL_Driver/Src/stm32f1xx_hal_pcd_ex.o
 .debug_info    0x0000000000008e93      0x80f Drivers/STM32F1xx_HAL_Driver/Src/stm32f1xx_hal_rcc.o
 .debug_info    0x00000000000096a2      0x444 Drivers/STM32F1xx_HAL_Driver/Src/stm32f1xx_hal_rcc_ex.o
 .debug_info    0x0000000000009ae6     0x1572 Drivers/STM32F1xx_HAL_Driver/Src/stm32f1xx_hal_spi.o
 .debug_info    0x000000000000b058     0x17e7 Drivers/STM32F1xx_HAL_Driver/Src/stm32f1xx_ll_usb.o
 .debug_info    0x000000000000c83f     0x17b6 Middlewares/ST/STM32_USB_Device_Library/Class/CDC/Src/usbd_cdc.o
 .debug_info    0x000000000000dff5     0x11d2 Middlewares/ST/STM32_USB_Device_Library/Core/Src/usbd_core.o
 .debug_info    0x000000000000f1c7     0x1142 Middlewares/ST/STM32_USB_Device_Library/Core/Src/usbd_ctlreq.o
 .debug_info    0x0000000000010309      0xf33 Middlewares/ST/STM32_USB_Device_Library/Core/Src/usbd_ioreq.o
 .debug_info    0x000000000001123c      0xe7b USB_DEVICE/App/usb_device.o
 .debug_info    0x00000000000120b7     0x1078 USB_DEVICE/App/usbd_cdc_if.o
 .debug_info    0x000000000001312f      0xd17 USB_DEVICE/App/usbd_desc.o
 .debug_info    0x0000000000013e46     0x1dba USB_DEVICE/Target/usbd_conf.o

.debug_abbrev   0x0000000000000000     0x378e
 .debug_abbrev  0x0000000000000000      0x1aa Core/Src/adc.o
 .debug_abbrev  0x00000000000001aa      0x107 Core/Src/dma.o
 .debug_abbrev  0x00000000000002b1      0x13d Core/Src/gpio.o
 .debug_abbrev  0x00000000000003ee      0x2eb Core/Src/main.o
 .debug_abbrev  0x00000000000006d9      0x199 Core/Src/spi.o
 .debug_abbrev  0x0000000000000872      0x109 Core/Src/stm32f1xx_hal_msp.o
 .debug_abbrev  0x000000000000097b      0x174 Core/Src/stm32f1xx_it.o
 .debug_abbrev  0x0000000000000aef      0x134 Core/Src/system_stm32f1xx.o
 .debug_abbrev  0x0000000000000c23       0x12 Core/Startup/startup_stm32f103c8tx.o
 .debug_abbrev  0x0000000000000c35      0x1c7 Drivers/STM32F1xx_HAL_Driver/Src/stm32f1xx_hal.o
 .debug_abbrev  0x0000000000000dfc      0x1d5 Drivers/STM32F1xx_HAL_Driver/Src/stm32f1xx_hal_adc.o
 .debug_abbrev  0x0000000000000fd1      0x1f5 Drivers/STM32F1xx_HAL_Driver/Src/stm32f1xx_hal_adc_ex.o
 .debug_abbrev  0x00000000000011c6      0x2d5 Drivers/STM32F1xx_HAL_Driver/Src/stm32f1xx_hal_cortex.o
 .debug_abbrev  0x000000000000149b      0x1fe Drivers/STM32F1xx_HAL_Driver/Src/stm32f1xx_hal_dma.o
 .debug_abbrev  0x0000000000001699      0x1c0 Drivers/STM32F1xx_HAL_Driver/Src/stm32f1xx_hal_gpio.o
 .debug_abbrev  0x0000000000001859      0x268 Drivers/STM32F1xx_HAL_Driver/Src/stm32f1xx_hal_pcd.o
 .debug_abbrev  0x0000000000001ac1      0x188 Drivers/STM32F1xx_HAL_Driver/Src/stm32f1xx_hal_pcd_ex.o
 .debug_abbrev  0x0000000000001c49      0x243 Drivers/STM32F1xx_HAL_Driver/Src/stm32f1xx_hal_rcc.o
 .debug_abbrev  0x0000000000001e8c      0x175 Drivers/STM32F1xx_HAL_Driver/Src/stm32f1xx_hal_rcc_ex.o
 .debug_abbrev  0x0000000000002001      0x240 Drivers/STM32F1xx_HAL_Driver/Src/stm32f1xx_hal_spi.o
 .debug_abbrev  0x0000000000002241      0x1d2 Drivers/STM32F1xx_HAL_Driver/Src/stm32f1xx_ll_usb.o
 .debug_abbrev  0x0000000000002413      0x2b6 Middlewares/ST/STM32_USB_Device_Library/Class/CDC/Src/usbd_cdc.o
 .debug_abbrev  0x00000000000026c9      0x270 Middlewares/ST/STM32_USB_Device_Library/Core/Src/usbd_core.o
 .debug_abbrev  0x0000000000002939      0x2a0 Middlewares/ST/STM32_USB_Device_Library/Core/Src/usbd_ctlreq.o
 .debug_abbrev  0x0000000000002bd9      0x1e0 Middlewares/ST/STM32_USB_Device_Library/Core/Src/usbd_ioreq.o
 .debug_abbrev  0x0000000000002db9      0x1be USB_DEVICE/App/usb_device.o
 .debug_abbrev  0x0000000000002f77      0x2ac USB_DEVICE/App/usbd_cdc_if.o
 .debug_abbrev  0x0000000000003223      0x290 USB_DEVICE/App/usbd_desc.o
 .debug_abbrev  0x00000000000034b3      0x2db USB_DEVICE/Target/usbd_conf.o

.debug_aranges  0x0000000000000000      0xf48
 .debug_aranges
                0x0000000000000000       0x30 Core/Src/adc.o
 .debug_aranges
                0x0000000000000030       0x20 Core/Src/dma.o
 .debug_aranges
                0x0000000000000050       0x20 Core/Src/gpio.o
 .debug_aranges
                0x0000000000000070       0xa0 Core/Src/main.o
 .debug_aranges
                0x0000000000000110       0x30 Core/Src/spi.o
 .debug_aranges
                0x0000000000000140       0x20 Core/Src/stm32f1xx_hal_msp.o
 .debug_aranges
                0x0000000000000160       0x80 Core/Src/stm32f1xx_it.o
 .debug_aranges
                0x00000000000001e0       0x28 Core/Src/system_stm32f1xx.o
 .debug_aranges
                0x0000000000000208       0x28 Core/Startup/startup_stm32f103c8tx.o
 .debug_aranges
                0x0000000000000230       0xe0 Drivers/STM32F1xx_HAL_Driver/Src/stm32f1xx_hal.o
 .debug_aranges
                0x0000000000000310       0xf0 Drivers/STM32F1xx_HAL_Driver/Src/stm32f1xx_hal_adc.o
 .debug_aranges
                0x0000000000000400       0x80 Drivers/STM32F1xx_HAL_Driver/Src/stm32f1xx_hal_adc_ex.o
 .debug_aranges
                0x0000000000000480      0x100 Drivers/STM32F1xx_HAL_Driver/Src/stm32f1xx_hal_cortex.o
 .debug_aranges
                0x0000000000000580       0x80 Drivers/STM32F1xx_HAL_Driver/Src/stm32f1xx_hal_dma.o
 .debug_aranges
                0x0000000000000600       0x58 Drivers/STM32F1xx_HAL_Driver/Src/stm32f1xx_hal_gpio.o
 .debug_aranges
                0x0000000000000658      0x138 Drivers/STM32F1xx_HAL_Driver/Src/stm32f1xx_hal_pcd.o
 .debug_aranges
                0x0000000000000790       0x38 Drivers/STM32F1xx_HAL_Driver/Src/stm32f1xx_hal_pcd_ex.o
 .debug_aranges
                0x00000000000007c8       0x90 Drivers/STM32F1xx_HAL_Driver/Src/stm32f1xx_hal_rcc.o
 .debug_aranges
                0x0000000000000858       0x30 Drivers/STM32F1xx_HAL_Driver/Src/stm32f1xx_hal_rcc_ex.o
 .debug_aranges
                0x0000000000000888      0x1d0 Drivers/STM32F1xx_HAL_Driver/Src/stm32f1xx_hal_spi.o
 .debug_aranges
                0x0000000000000a58       0xf0 Drivers/STM32F1xx_HAL_Driver/Src/stm32f1xx_ll_usb.o
 .debug_aranges
                0x0000000000000b48       0x90 Middlewares/ST/STM32_USB_Device_Library/Class/CDC/Src/usbd_cdc.o
 .debug_aranges
                0x0000000000000bd8       0xb8 Middlewares/ST/STM32_USB_Device_Library/Core/Src/usbd_core.o
 .debug_aranges
                0x0000000000000c90       0x88 Middlewares/ST/STM32_USB_Device_Library/Core/Src/usbd_ctlreq.o
 .debug_aranges
                0x0000000000000d18       0x50 Middlewares/ST/STM32_USB_Device_Library/Core/Src/usbd_ioreq.o
 .debug_aranges
                0x0000000000000d68       0x20 USB_DEVICE/App/usb_device.o
 .debug_aranges
                0x0000000000000d88       0x48 USB_DEVICE/App/usbd_cdc_if.o
 .debug_aranges
                0x0000000000000dd0       0x60 USB_DEVICE/App/usbd_desc.o
 .debug_aranges
                0x0000000000000e30      0x118 USB_DEVICE/Target/usbd_conf.o

.debug_ranges   0x0000000000000000      0xd80
 .debug_ranges  0x0000000000000000       0x20 Core/Src/adc.o
 .debug_ranges  0x0000000000000020       0x10 Core/Src/dma.o
 .debug_ranges  0x0000000000000030       0x10 Core/Src/gpio.o
 .debug_ranges  0x0000000000000040       0x90 Core/Src/main.o
 .debug_ranges  0x00000000000000d0       0x20 Core/Src/spi.o
 .debug_ranges  0x00000000000000f0       0x10 Core/Src/stm32f1xx_hal_msp.o
 .debug_ranges  0x0000000000000100       0x70 Core/Src/stm32f1xx_it.o
 .debug_ranges  0x0000000000000170       0x18 Core/Src/system_stm32f1xx.o
 .debug_ranges  0x0000000000000188       0x20 Core/Startup/startup_stm32f103c8tx.o
 .debug_ranges  0x00000000000001a8       0xd0 Drivers/STM32F1xx_HAL_Driver/Src/stm32f1xx_hal.o
 .debug_ranges  0x0000000000000278       0xe0 Drivers/STM32F1xx_HAL_Driver/Src/stm32f1xx_hal_adc.o
 .debug_ranges  0x0000000000000358       0x70 Drivers/STM32F1xx_HAL_Driver/Src/stm32f1xx_hal_adc_ex.o
 .debug_ranges  0x00000000000003c8       0xf0 Drivers/STM32F1xx_HAL_Driver/Src/stm32f1xx_hal_cortex.o
 .debug_ranges  0x00000000000004b8       0x70 Drivers/STM32F1xx_HAL_Driver/Src/stm32f1xx_hal_dma.o
 .debug_ranges  0x0000000000000528       0x48 Drivers/STM32F1xx_HAL_Driver/Src/stm32f1xx_hal_gpio.o
 .debug_ranges  0x0000000000000570      0x128 Drivers/STM32F1xx_HAL_Driver/Src/stm32f1xx_hal_pcd.o
 .debug_ranges  0x0000000000000698       0x28 Drivers/STM32F1xx_HAL_Driver/Src/stm32f1xx_hal_pcd_ex.o
 .debug_ranges  0x00000000000006c0       0x80 Drivers/STM32F1xx_HAL_Driver/Src/stm32f1xx_hal_rcc.o
 .debug_ranges  0x0000000000000740       0x20 Drivers/STM32F1xx_HAL_Driver/Src/stm32f1xx_hal_rcc_ex.o
 .debug_ranges  0x0000000000000760      0x1c0 Drivers/STM32F1xx_HAL_Driver/Src/stm32f1xx_hal_spi.o
 .debug_ranges  0x0000000000000920       0xe0 Drivers/STM32F1xx_HAL_Driver/Src/stm32f1xx_ll_usb.o
 .debug_ranges  0x0000000000000a00       0x80 Middlewares/ST/STM32_USB_Device_Library/Class/CDC/Src/usbd_cdc.o
 .debug_ranges  0x0000000000000a80       0xa8 Middlewares/ST/STM32_USB_Device_Library/Core/Src/usbd_core.o
 .debug_ranges  0x0000000000000b28       0x78 Middlewares/ST/STM32_USB_Device_Library/Core/Src/usbd_ctlreq.o
 .debug_ranges  0x0000000000000ba0       0x40 Middlewares/ST/STM32_USB_Device_Library/Core/Src/usbd_ioreq.o
 .debug_ranges  0x0000000000000be0       0x10 USB_DEVICE/App/usb_device.o
 .debug_ranges  0x0000000000000bf0       0x38 USB_DEVICE/App/usbd_cdc_if.o
 .debug_ranges  0x0000000000000c28       0x50 USB_DEVICE/App/usbd_desc.o
 .debug_ranges  0x0000000000000c78      0x108 USB_DEVICE/Target/usbd_conf.o

.debug_macro    0x0000000000000000    0x1af1d
 .debug_macro   0x0000000000000000      0x1da Core/Src/adc.o
 .debug_macro   0x00000000000001da      0xa5a Core/Src/adc.o
 .debug_macro   0x0000000000000c34      0x227 Core/Src/adc.o
 .debug_macro   0x0000000000000e5b       0x2e Core/Src/adc.o
 .debug_macro   0x0000000000000e89       0x22 Core/Src/adc.o
 .debug_macro   0x0000000000000eab       0x22 Core/Src/adc.o
 .debug_macro   0x0000000000000ecd       0x8e Core/Src/adc.o
 .debug_macro   0x0000000000000f5b       0x51 Core/Src/adc.o
 .debug_macro   0x0000000000000fac       0xef Core/Src/adc.o
 .debug_macro   0x000000000000109b       0x6a Core/Src/adc.o
 .debug_macro   0x0000000000001105      0x1df Core/Src/adc.o
 .debug_macro   0x00000000000012e4       0x1c Core/Src/adc.o
 .debug_macro   0x0000000000001300       0x22 Core/Src/adc.o
 .debug_macro   0x0000000000001322       0xc3 Core/Src/adc.o
 .debug_macro   0x00000000000013e5      0xd23 Core/Src/adc.o
 .debug_macro   0x0000000000002108     0xe097 Core/Src/adc.o
 .debug_macro   0x000000000001019f       0x43 Core/Src/adc.o
 .debug_macro   0x00000000000101e2     0x3468 Core/Src/adc.o
 .debug_macro   0x000000000001364a      0x174 Core/Src/adc.o
 .debug_macro   0x00000000000137be       0x5c Core/Src/adc.o
 .debug_macro   0x000000000001381a      0x5be Core/Src/adc.o
 .debug_macro   0x0000000000013dd8      0x289 Core/Src/adc.o
 .debug_macro   0x0000000000014061      0x1cb Core/Src/adc.o
 .debug_macro   0x000000000001422c      0x114 Core/Src/adc.o
 .debug_macro   0x0000000000014340      0x1b2 Core/Src/adc.o
 .debug_macro   0x00000000000144f2       0x27 Core/Src/adc.o
 .debug_macro   0x0000000000014519      0x136 Core/Src/adc.o
 .debug_macro   0x000000000001464f      0x1bc Core/Src/adc.o
 .debug_macro   0x000000000001480b       0x34 Core/Src/adc.o
 .debug_macro   0x000000000001483f       0x3c Core/Src/adc.o
 .debug_macro   0x000000000001487b       0x57 Core/Src/adc.o
 .debug_macro   0x00000000000148d2      0x46a Core/Src/adc.o
 .debug_macro   0x0000000000014d3c      0x1b5 Core/Src/adc.o
 .debug_macro   0x0000000000014ef1       0x88 Core/Src/adc.o
 .debug_macro   0x0000000000014f79      0x241 Core/Src/adc.o
 .debug_macro   0x00000000000151ba      0x141 Core/Src/adc.o
 .debug_macro   0x00000000000152fb      0x217 Core/Src/adc.o
 .debug_macro   0x0000000000015512       0x65 Core/Src/adc.o
 .debug_macro   0x0000000000015577      0x249 Core/Src/adc.o
 .debug_macro   0x00000000000157c0       0x83 Core/Src/adc.o
 .debug_macro   0x0000000000015843      0x1da Core/Src/dma.o
 .debug_macro   0x0000000000015a1d      0x1da Core/Src/gpio.o
 .debug_macro   0x0000000000015bf7      0x426 Core/Src/main.o
 .debug_macro   0x000000000001601d       0x46 Core/Src/main.o
 .debug_macro   0x0000000000016063       0x18 Core/Src/main.o
 .debug_macro   0x000000000001607b       0x3c Core/Src/main.o
 .debug_macro   0x00000000000160b7       0x34 Core/Src/main.o
 .debug_macro   0x00000000000160eb       0x16 Core/Src/main.o
 .debug_macro   0x0000000000016101       0x35 Core/Src/main.o
 .debug_macro   0x0000000000016136      0x32a Core/Src/main.o
 .debug_macro   0x0000000000016460       0x10 Core/Src/main.o
 .debug_macro   0x0000000000016470       0x52 Core/Src/main.o
 .debug_macro   0x00000000000164c2       0x1f Core/Src/main.o
 .debug_macro   0x00000000000164e1       0x43 Core/Src/main.o
 .debug_macro   0x0000000000016524       0x20 Core/Src/main.o
 .debug_macro   0x0000000000016544      0x1a3 Core/Src/main.o
 .debug_macro   0x00000000000166e7       0x10 Core/Src/main.o
 .debug_macro   0x00000000000166f7       0x1c Core/Src/main.o
 .debug_macro   0x0000000000016713       0x52 Core/Src/main.o
 .debug_macro   0x0000000000016765       0x40 Core/Src/main.o
 .debug_macro   0x00000000000167a5       0x10 Core/Src/main.o
 .debug_macro   0x00000000000167b5       0x40 Core/Src/main.o
 .debug_macro   0x00000000000167f5       0xd7 Core/Src/main.o
 .debug_macro   0x00000000000168cc       0x1c Core/Src/main.o
 .debug_macro   0x00000000000168e8       0x3d Core/Src/main.o
 .debug_macro   0x0000000000016925       0x16 Core/Src/main.o
 .debug_macro   0x000000000001693b      0x145 Core/Src/main.o
 .debug_macro   0x0000000000016a80       0x16 Core/Src/main.o
 .debug_macro   0x0000000000016a96       0x16 Core/Src/main.o
 .debug_macro   0x0000000000016aac       0x29 Core/Src/main.o
 .debug_macro   0x0000000000016ad5       0x16 Core/Src/main.o
 .debug_macro   0x0000000000016aeb       0x20 Core/Src/main.o
 .debug_macro   0x0000000000016b0b       0x60 Core/Src/main.o
 .debug_macro   0x0000000000016b6b      0x1c8 Core/Src/main.o
 .debug_macro   0x0000000000016d33      0x1da Core/Src/spi.o
 .debug_macro   0x0000000000016f0d      0x1d0 Core/Src/stm32f1xx_hal_msp.o
 .debug_macro   0x00000000000170dd      0x1da Core/Src/stm32f1xx_it.o
 .debug_macro   0x00000000000172b7      0x1c6 Core/Src/system_stm32f1xx.o
 .debug_macro   0x000000000001747d      0x1ea Drivers/STM32F1xx_HAL_Driver/Src/stm32f1xx_hal.o
 .debug_macro   0x0000000000017667      0x1e3 Drivers/STM32F1xx_HAL_Driver/Src/stm32f1xx_hal_adc.o
 .debug_macro   0x000000000001784a      0x1d8 Drivers/STM32F1xx_HAL_Driver/Src/stm32f1xx_hal_adc_ex.o
 .debug_macro   0x0000000000017a22      0x1c6 Drivers/STM32F1xx_HAL_Driver/Src/stm32f1xx_hal_cortex.o
 .debug_macro   0x0000000000017be8      0x1c6 Drivers/STM32F1xx_HAL_Driver/Src/stm32f1xx_hal_dma.o
 .debug_macro   0x0000000000017dae      0x231 Drivers/STM32F1xx_HAL_Driver/Src/stm32f1xx_hal_gpio.o
 .debug_macro   0x0000000000017fdf      0x1d2 Drivers/STM32F1xx_HAL_Driver/Src/stm32f1xx_hal_pcd.o
 .debug_macro   0x00000000000181b1      0x1c6 Drivers/STM32F1xx_HAL_Driver/Src/stm32f1xx_hal_pcd_ex.o
 .debug_macro   0x0000000000018377      0x1d8 Drivers/STM32F1xx_HAL_Driver/Src/stm32f1xx_hal_rcc.o
 .debug_macro   0x000000000001854f      0x1c6 Drivers/STM32F1xx_HAL_Driver/Src/stm32f1xx_hal_rcc_ex.o
 .debug_macro   0x0000000000018715      0x1ce Drivers/STM32F1xx_HAL_Driver/Src/stm32f1xx_hal_spi.o
 .debug_macro   0x00000000000188e3      0x1c6 Drivers/STM32F1xx_HAL_Driver/Src/stm32f1xx_ll_usb.o
 .debug_macro   0x0000000000018aa9      0x3dd Middlewares/ST/STM32_USB_Device_Library/Class/CDC/Src/usbd_cdc.o
 .debug_macro   0x0000000000018e86       0x97 Middlewares/ST/STM32_USB_Device_Library/Class/CDC/Src/usbd_cdc.o
 .debug_macro   0x0000000000018f1d       0xfd Middlewares/ST/STM32_USB_Device_Library/Class/CDC/Src/usbd_cdc.o
 .debug_macro   0x000000000001901a       0xbd Middlewares/ST/STM32_USB_Device_Library/Class/CDC/Src/usbd_cdc.o
 .debug_macro   0x00000000000190d7       0x56 Middlewares/ST/STM32_USB_Device_Library/Class/CDC/Src/usbd_cdc.o
 .debug_macro   0x000000000001912d       0x8f Middlewares/ST/STM32_USB_Device_Library/Class/CDC/Src/usbd_cdc.o
 .debug_macro   0x00000000000191bc      0x3c4 Middlewares/ST/STM32_USB_Device_Library/Core/Src/usbd_core.o
 .debug_macro   0x0000000000019580      0x1ce Middlewares/ST/STM32_USB_Device_Library/Core/Src/usbd_core.o
 .debug_macro   0x000000000001974e      0x3ce Middlewares/ST/STM32_USB_Device_Library/Core/Src/usbd_ctlreq.o
 .debug_macro   0x0000000000019b1c      0x3ca Middlewares/ST/STM32_USB_Device_Library/Core/Src/usbd_ioreq.o
 .debug_macro   0x0000000000019ee6      0x403 USB_DEVICE/App/usb_device.o
 .debug_macro   0x000000000001a2e9       0x22 USB_DEVICE/App/usb_device.o
 .debug_macro   0x000000000001a30b       0x16 USB_DEVICE/App/usb_device.o
 .debug_macro   0x000000000001a321      0x3e8 USB_DEVICE/App/usbd_cdc_if.o
 .debug_macro   0x000000000001a709       0x10 USB_DEVICE/App/usbd_cdc_if.o
 .debug_macro   0x000000000001a719      0x401 USB_DEVICE/App/usbd_desc.o
 .debug_macro   0x000000000001ab1a       0x1c USB_DEVICE/App/usbd_desc.o
 .debug_macro   0x000000000001ab36      0x3e7 USB_DEVICE/Target/usbd_conf.o

.debug_line     0x0000000000000000    0x1137a
 .debug_line    0x0000000000000000      0x6fb Core/Src/adc.o
 .debug_line    0x00000000000006fb      0x6b8 Core/Src/dma.o
 .debug_line    0x0000000000000db3      0x6d4 Core/Src/gpio.o
 .debug_line    0x0000000000001487      0xbc6 Core/Src/main.o
 .debug_line    0x000000000000204d      0x6f4 Core/Src/spi.o
 .debug_line    0x0000000000002741      0x6be Core/Src/stm32f1xx_hal_msp.o
 .debug_line    0x0000000000002dff      0x7ad Core/Src/stm32f1xx_it.o
 .debug_line    0x00000000000035ac      0x6e5 Core/Src/system_stm32f1xx.o
 .debug_line    0x0000000000003c91       0x84 Core/Startup/startup_stm32f103c8tx.o
 .debug_line    0x0000000000003d15      0x898 Drivers/STM32F1xx_HAL_Driver/Src/stm32f1xx_hal.o
 .debug_line    0x00000000000045ad      0xbe9 Drivers/STM32F1xx_HAL_Driver/Src/stm32f1xx_hal_adc.o
 .debug_line    0x0000000000005196      0xa2c Drivers/STM32F1xx_HAL_Driver/Src/stm32f1xx_hal_adc_ex.o
 .debug_line    0x0000000000005bc2      0x96f Drivers/STM32F1xx_HAL_Driver/Src/stm32f1xx_hal_cortex.o
 .debug_line    0x0000000000006531      0xafd Drivers/STM32F1xx_HAL_Driver/Src/stm32f1xx_hal_dma.o
 .debug_line    0x000000000000702e      0x894 Drivers/STM32F1xx_HAL_Driver/Src/stm32f1xx_hal_gpio.o
 .debug_line    0x00000000000078c2      0xcfc Drivers/STM32F1xx_HAL_Driver/Src/stm32f1xx_hal_pcd.o
 .debug_line    0x00000000000085be      0x709 Drivers/STM32F1xx_HAL_Driver/Src/stm32f1xx_hal_pcd_ex.o
 .debug_line    0x0000000000008cc7      0x958 Drivers/STM32F1xx_HAL_Driver/Src/stm32f1xx_hal_rcc.o
 .debug_line    0x000000000000961f      0x776 Drivers/STM32F1xx_HAL_Driver/Src/stm32f1xx_hal_rcc_ex.o
 .debug_line    0x0000000000009d95     0x1083 Drivers/STM32F1xx_HAL_Driver/Src/stm32f1xx_hal_spi.o
 .debug_line    0x000000000000ae18      0xd31 Drivers/STM32F1xx_HAL_Driver/Src/stm32f1xx_ll_usb.o
 .debug_line    0x000000000000bb49      0xb74 Middlewares/ST/STM32_USB_Device_Library/Class/CDC/Src/usbd_cdc.o
 .debug_line    0x000000000000c6bd      0xbaf Middlewares/ST/STM32_USB_Device_Library/Core/Src/usbd_core.o
 .debug_line    0x000000000000d26c      0xc38 Middlewares/ST/STM32_USB_Device_Library/Core/Src/usbd_ctlreq.o
 .debug_line    0x000000000000dea4      0xa18 Middlewares/ST/STM32_USB_Device_Library/Core/Src/usbd_ioreq.o
 .debug_line    0x000000000000e8bc      0x9fa USB_DEVICE/App/usb_device.o
 .debug_line    0x000000000000f2b6      0xa3f USB_DEVICE/App/usbd_cdc_if.o
 .debug_line    0x000000000000fcf5      0xa4c USB_DEVICE/App/usbd_desc.o
 .debug_line    0x0000000000010741      0xc39 USB_DEVICE/Target/usbd_conf.o

.debug_str      0x0000000000000000    0x8ba91
 .debug_str     0x0000000000000000    0x82e43 Core/Src/adc.o
                                      0x83245 (size before relaxing)
 .debug_str     0x0000000000082e43      0x28d Core/Src/dma.o
                                      0x83123 (size before relaxing)
 .debug_str     0x00000000000830d0       0x48 Core/Src/gpio.o
                                      0x8319e (size before relaxing)
 .debug_str     0x0000000000083118     0x5152 Core/Src/main.o
                                      0x883b3 (size before relaxing)
 .debug_str     0x000000000008826a       0x79 Core/Src/spi.o
                                      0x832d9 (size before relaxing)
 .debug_str     0x00000000000882e3       0x2c Core/Src/stm32f1xx_hal_msp.o
                                      0x82e7f (size before relaxing)
 .debug_str     0x000000000008830f      0x3d8 Core/Src/stm32f1xx_it.o
                                      0x833fc (size before relaxing)
 .debug_str     0x00000000000886e7       0x52 Core/Src/system_stm32f1xx.o
                                      0x82e6c (size before relaxing)
 .debug_str     0x0000000000088739       0x36 Core/Startup/startup_stm32f103c8tx.o
                                         0x84 (size before relaxing)
 .debug_str     0x000000000008876f      0x2f0 Drivers/STM32F1xx_HAL_Driver/Src/stm32f1xx_hal.o
                                      0x834fd (size before relaxing)
 .debug_str     0x0000000000088a5f      0x320 Drivers/STM32F1xx_HAL_Driver/Src/stm32f1xx_hal_adc.o
                                      0x834fc (size before relaxing)
 .debug_str     0x0000000000088d7f      0x2fb Drivers/STM32F1xx_HAL_Driver/Src/stm32f1xx_hal_adc_ex.o
                                      0x834b1 (size before relaxing)
 .debug_str     0x000000000008907a      0x2d8 Drivers/STM32F1xx_HAL_Driver/Src/stm32f1xx_hal_cortex.o
                                      0x83505 (size before relaxing)
 .debug_str     0x0000000000089352      0x235 Drivers/STM32F1xx_HAL_Driver/Src/stm32f1xx_hal_dma.o
                                      0x83247 (size before relaxing)
 .debug_str     0x0000000000089587      0x2ff Drivers/STM32F1xx_HAL_Driver/Src/stm32f1xx_hal_gpio.o
                                      0x83230 (size before relaxing)
 .debug_str     0x0000000000089886      0x3e5 Drivers/STM32F1xx_HAL_Driver/Src/stm32f1xx_hal_pcd.o
                                      0x835bf (size before relaxing)
 .debug_str     0x0000000000089c6b      0x18d Drivers/STM32F1xx_HAL_Driver/Src/stm32f1xx_hal_pcd_ex.o
                                      0x8330c (size before relaxing)
 .debug_str     0x0000000000089df8      0x24f Drivers/STM32F1xx_HAL_Driver/Src/stm32f1xx_hal_rcc.o